<?xml version="1.0" encoding="ISO-8859-1" ?>
<link_info>
   <banner>TI ARM Linker PC v18.12.2.LTS</banner>
   <copyright>Copyright (c) 1996-2018 Texas Instruments Incorporated</copyright>
   <link_time>0x5e2e04ab</link_time>
   <link_errors>0x0</link_errors>
   <output_file>Lab1.out</output_file>
   <entry_point>
      <name>_c_int00_noargs</name>
      <address>0x25d9</address>
   </entry_point>
   <input_file_list>
      <input_file id="fl-2">
         <path>.\</path>
         <kind>object</kind>
         <file>Timer.obj</file>
         <name>Timer.obj</name>
      </input_file>
      <input_file id="fl-3">
         <path>.\</path>
         <kind>object</kind>
         <file>banner.obj</file>
         <name>banner.obj</name>
      </input_file>
      <input_file id="fl-4">
         <path>.\</path>
         <kind>object</kind>
         <file>lcd.obj</file>
         <name>lcd.obj</name>
      </input_file>
      <input_file id="fl-5">
         <path>.\</path>
         <kind>object</kind>
         <file>tm4c123gh6pm_startup_ccs.obj</file>
         <name>tm4c123gh6pm_startup_ccs.obj</name>
      </input_file>
      <input_file id="fl-a">
         <kind>object</kind>
         <file>&lt;internal&gt;</file>
         <name>&lt;internal&gt;</name>
      </input_file>
      <input_file id="fl-c0">
         <path>C:\ti\ccs910\ccs\tools\compiler\ti-cgt-arm_18.12.2.LTS\lib\</path>
         <kind>archive</kind>
         <file>rtsv7M4_T_le_v4SPD16_eabi.lib</file>
         <name>vsnprintf.c.obj</name>
      </input_file>
      <input_file id="fl-c1">
         <path>C:\ti\ccs910\ccs\tools\compiler\ti-cgt-arm_18.12.2.LTS\lib\</path>
         <kind>archive</kind>
         <file>rtsv7M4_T_le_v4SPD16_eabi.lib</file>
         <name>memcpy_t2.asm.obj</name>
      </input_file>
      <input_file id="fl-c2">
         <path>C:\ti\ccs910\ccs\tools\compiler\ti-cgt-arm_18.12.2.LTS\lib\</path>
         <kind>archive</kind>
         <file>rtsv7M4_T_le_v4SPD16_eabi.lib</file>
         <name>copy_zero_init.c.obj</name>
      </input_file>
      <input_file id="fl-c3">
         <path>C:\ti\ccs910\ccs\tools\compiler\ti-cgt-arm_18.12.2.LTS\lib\</path>
         <kind>archive</kind>
         <file>rtsv7M4_T_le_v4SPD16_eabi.lib</file>
         <name>copy_decompress_none.c.obj</name>
      </input_file>
      <input_file id="fl-c4">
         <path>C:\ti\ccs910\ccs\tools\compiler\ti-cgt-arm_18.12.2.LTS\lib\</path>
         <kind>archive</kind>
         <file>rtsv7M4_T_le_v4SPD16_eabi.lib</file>
         <name>copy_decompress_lzss.c.obj</name>
      </input_file>
      <input_file id="fl-c5">
         <path>C:\ti\ccs910\ccs\tools\compiler\ti-cgt-arm_18.12.2.LTS\lib\</path>
         <kind>archive</kind>
         <file>rtsv7M4_T_le_v4SPD16_eabi.lib</file>
         <name>strcmp.c.obj</name>
      </input_file>
      <input_file id="fl-c6">
         <path>C:\ti\ccs910\ccs\tools\compiler\ti-cgt-arm_18.12.2.LTS\lib\</path>
         <kind>archive</kind>
         <file>rtsv7M4_T_le_v4SPD16_eabi.lib</file>
         <name>strcpy.c.obj</name>
      </input_file>
      <input_file id="fl-c7">
         <path>C:\ti\ccs910\ccs\tools\compiler\ti-cgt-arm_18.12.2.LTS\lib\</path>
         <kind>archive</kind>
         <file>rtsv7M4_T_le_v4SPD16_eabi.lib</file>
         <name>strlen.c.obj</name>
      </input_file>
      <input_file id="fl-c8">
         <path>C:\ti\ccs910\ccs\tools\compiler\ti-cgt-arm_18.12.2.LTS\lib\</path>
         <kind>archive</kind>
         <file>rtsv7M4_T_le_v4SPD16_eabi.lib</file>
         <name>boot_cortex_m.c.obj</name>
      </input_file>
      <input_file id="fl-c9">
         <path>C:\ti\ccs910\ccs\tools\compiler\ti-cgt-arm_18.12.2.LTS\lib\</path>
         <kind>archive</kind>
         <file>rtsv7M4_T_le_v4SPD16_eabi.lib</file>
         <name>_printfi.c.obj</name>
      </input_file>
      <input_file id="fl-ca">
         <path>C:\ti\ccs910\ccs\tools\compiler\ti-cgt-arm_18.12.2.LTS\lib\</path>
         <kind>archive</kind>
         <file>rtsv7M4_T_le_v4SPD16_eabi.lib</file>
         <name>s_frexp.c.obj</name>
      </input_file>
      <input_file id="fl-cb">
         <path>C:\ti\ccs910\ccs\tools\compiler\ti-cgt-arm_18.12.2.LTS\lib\</path>
         <kind>archive</kind>
         <file>rtsv7M4_T_le_v4SPD16_eabi.lib</file>
         <name>s_scalbn.c.obj</name>
      </input_file>
      <input_file id="fl-cc">
         <path>C:\ti\ccs910\ccs\tools\compiler\ti-cgt-arm_18.12.2.LTS\lib\</path>
         <kind>archive</kind>
         <file>rtsv7M4_T_le_v4SPD16_eabi.lib</file>
         <name>ull_div_t2.asm.obj</name>
      </input_file>
      <input_file id="fl-cd">
         <path>C:\ti\ccs910\ccs\tools\compiler\ti-cgt-arm_18.12.2.LTS\lib\</path>
         <kind>archive</kind>
         <file>rtsv7M4_T_le_v4SPD16_eabi.lib</file>
         <name>memset_t2.asm.obj</name>
      </input_file>
      <input_file id="fl-ce">
         <path>C:\ti\ccs910\ccs\tools\compiler\ti-cgt-arm_18.12.2.LTS\lib\</path>
         <kind>archive</kind>
         <file>rtsv7M4_T_le_v4SPD16_eabi.lib</file>
         <name>fd_add_t2.asm.obj</name>
      </input_file>
      <input_file id="fl-cf">
         <path>C:\ti\ccs910\ccs\tools\compiler\ti-cgt-arm_18.12.2.LTS\lib\</path>
         <kind>archive</kind>
         <file>rtsv7M4_T_le_v4SPD16_eabi.lib</file>
         <name>fd_cmp_t2.asm.obj</name>
      </input_file>
      <input_file id="fl-d0">
         <path>C:\ti\ccs910\ccs\tools\compiler\ti-cgt-arm_18.12.2.LTS\lib\</path>
         <kind>archive</kind>
         <file>rtsv7M4_T_le_v4SPD16_eabi.lib</file>
         <name>fd_div_t2.asm.obj</name>
      </input_file>
      <input_file id="fl-d1">
         <path>C:\ti\ccs910\ccs\tools\compiler\ti-cgt-arm_18.12.2.LTS\lib\</path>
         <kind>archive</kind>
         <file>rtsv7M4_T_le_v4SPD16_eabi.lib</file>
         <name>fd_mul_t2.asm.obj</name>
      </input_file>
      <input_file id="fl-d2">
         <path>C:\ti\ccs910\ccs\tools\compiler\ti-cgt-arm_18.12.2.LTS\lib\</path>
         <kind>archive</kind>
         <file>rtsv7M4_T_le_v4SPD16_eabi.lib</file>
         <name>fd_toi_t2.asm.obj</name>
      </input_file>
      <input_file id="fl-d3">
         <path>C:\ti\ccs910\ccs\tools\compiler\ti-cgt-arm_18.12.2.LTS\lib\</path>
         <kind>archive</kind>
         <file>rtsv7M4_T_le_v4SPD16_eabi.lib</file>
         <name>i_tofd_t2.asm.obj</name>
      </input_file>
      <input_file id="fl-d4">
         <path>C:\ti\ccs910\ccs\tools\compiler\ti-cgt-arm_18.12.2.LTS\lib\</path>
         <kind>archive</kind>
         <file>rtsv7M4_T_le_v4SPD16_eabi.lib</file>
         <name>autoinit.c.obj</name>
      </input_file>
      <input_file id="fl-d5">
         <path>C:\ti\ccs910\ccs\tools\compiler\ti-cgt-arm_18.12.2.LTS\lib\</path>
         <kind>archive</kind>
         <file>rtsv7M4_T_le_v4SPD16_eabi.lib</file>
         <name>pre_init.c.obj</name>
      </input_file>
      <input_file id="fl-d6">
         <path>C:\ti\ccs910\ccs\tools\compiler\ti-cgt-arm_18.12.2.LTS\lib\</path>
         <kind>archive</kind>
         <file>rtsv7M4_T_le_v4SPD16_eabi.lib</file>
         <name>cpy_tbl.c.obj</name>
      </input_file>
      <input_file id="fl-d7">
         <path>C:\ti\ccs910\ccs\tools\compiler\ti-cgt-arm_18.12.2.LTS\lib\</path>
         <kind>archive</kind>
         <file>rtsv7M4_T_le_v4SPD16_eabi.lib</file>
         <name>exit.c.obj</name>
      </input_file>
      <input_file id="fl-d8">
         <path>C:\ti\ccs910\ccs\tools\compiler\ti-cgt-arm_18.12.2.LTS\lib\</path>
         <kind>archive</kind>
         <file>rtsv7M4_T_le_v4SPD16_eabi.lib</file>
         <name>_lock.c.obj</name>
      </input_file>
      <input_file id="fl-d9">
         <path>C:\ti\ccs910\ccs\tools\compiler\ti-cgt-arm_18.12.2.LTS\lib\</path>
         <kind>archive</kind>
         <file>rtsv7M4_T_le_v4SPD16_eabi.lib</file>
         <name>args_main.c.obj</name>
      </input_file>
      <input_file id="fl-da">
         <path>C:\ti\ccs910\ccs\tools\compiler\ti-cgt-arm_18.12.2.LTS\lib\</path>
         <kind>archive</kind>
         <file>rtsv7M4_T_le_v4SPD16_eabi.lib</file>
         <name>atoi.c.obj</name>
      </input_file>
      <input_file id="fl-db">
         <path>C:\ti\ccs910\ccs\tools\compiler\ti-cgt-arm_18.12.2.LTS\lib\</path>
         <kind>archive</kind>
         <file>rtsv7M4_T_le_v4SPD16_eabi.lib</file>
         <name>ctype.c.obj</name>
      </input_file>
      <input_file id="fl-dc">
         <path>C:\ti\ccs910\ccs\tools\compiler\ti-cgt-arm_18.12.2.LTS\lib\</path>
         <kind>archive</kind>
         <file>rtsv7M4_T_le_v4SPD16_eabi.lib</file>
         <name>ltoa.c.obj</name>
      </input_file>
      <input_file id="fl-dd">
         <path>C:\ti\ccs910\ccs\tools\compiler\ti-cgt-arm_18.12.2.LTS\lib\</path>
         <kind>archive</kind>
         <file>rtsv7M4_T_le_v4SPD16_eabi.lib</file>
         <name>memccpy.c.obj</name>
      </input_file>
      <input_file id="fl-de">
         <path>C:\ti\ccs910\ccs\tools\compiler\ti-cgt-arm_18.12.2.LTS\lib\</path>
         <kind>archive</kind>
         <file>rtsv7M4_T_le_v4SPD16_eabi.lib</file>
         <name>strchr.c.obj</name>
      </input_file>
      <input_file id="fl-df">
         <path>C:\ti\ccs910\ccs\tools\compiler\ti-cgt-arm_18.12.2.LTS\lib\</path>
         <kind>archive</kind>
         <file>rtsv7M4_T_le_v4SPD16_eabi.lib</file>
         <name>errno.c.obj</name>
      </input_file>
      <input_file id="fl-e0">
         <path>C:\ti\ccs910\ccs\tools\compiler\ti-cgt-arm_18.12.2.LTS\lib\</path>
         <kind>archive</kind>
         <file>rtsv7M4_T_le_v4SPD16_eabi.lib</file>
         <name>wcslen.c.obj</name>
      </input_file>
      <input_file id="fl-e1">
         <path>C:\ti\ccs910\ccs\tools\compiler\ti-cgt-arm_18.12.2.LTS\lib\</path>
         <kind>archive</kind>
         <file>rtsv7M4_T_le_v4SPD16_eabi.lib</file>
         <name>s_copysign.c.obj</name>
      </input_file>
      <input_file id="fl-e2">
         <path>C:\ti\ccs910\ccs\tools\compiler\ti-cgt-arm_18.12.2.LTS\lib\</path>
         <kind>archive</kind>
         <file>rtsv7M4_T_le_v4SPD16_eabi.lib</file>
         <name>div0.asm.obj</name>
      </input_file>
      <input_file id="fl-e3">
         <path>C:\ti\TivaWare_C_Series-2.1.4.178\driverlib\ccs\Debug\</path>
         <kind>archive</kind>
         <file>driverlib.lib</file>
         <name>interrupt.obj</name>
      </input_file>
      <input_file id="fl-e4">
         <path>C:\ti\TivaWare_C_Series-2.1.4.178\driverlib\ccs\Debug\</path>
         <kind>archive</kind>
         <file>driverlib.lib</file>
         <name>cpu.obj</name>
      </input_file>
   </input_file_list>
   <object_component_list>
      <object_component id="oc-f">
         <name>.intvecs</name>
         <load_address>0x0</load_address>
         <run_address>0x0</run_address>
         <size>0x26c</size>
         <input_file_ref idref="fl-5"/>
      </object_component>
      <object_component id="oc-176">
         <name>.text:__TI_printfi</name>
         <load_address>0x26c</load_address>
         <run_address>0x26c</run_address>
         <size>0xa4e</size>
         <input_file_ref idref="fl-c9"/>
      </object_component>
      <object_component id="oc-2ad">
         <name>.text</name>
         <load_address>0xcba</load_address>
         <run_address>0xcba</run_address>
         <size>0x2</size>
         <input_file_ref idref="fl-e2"/>
      </object_component>
      <object_component id="oc-c1">
         <name>.text</name>
         <load_address>0xcbc</load_address>
         <run_address>0xcbc</run_address>
         <size>0x328</size>
         <input_file_ref idref="fl-4"/>
      </object_component>
      <object_component id="oc-1ec">
         <name>.text:_pconv_a</name>
         <load_address>0xfe4</load_address>
         <run_address>0xfe4</run_address>
         <size>0x270</size>
         <input_file_ref idref="fl-c9"/>
      </object_component>
      <object_component id="oc-cd">
         <name>.text</name>
         <load_address>0x1254</load_address>
         <run_address>0x1254</run_address>
         <size>0x248</size>
         <input_file_ref idref="fl-2"/>
      </object_component>
      <object_component id="oc-1da">
         <name>.text:_pconv_g</name>
         <load_address>0x149c</load_address>
         <run_address>0x149c</run_address>
         <size>0x1d0</size>
         <input_file_ref idref="fl-c9"/>
      </object_component>
      <object_component id="oc-25b">
         <name>.text</name>
         <load_address>0x166c</load_address>
         <run_address>0x166c</run_address>
         <size>0x1b6</size>
         <input_file_ref idref="fl-ce"/>
      </object_component>
      <object_component id="oc-1e6">
         <name>.text:_pconv_e</name>
         <load_address>0x1824</load_address>
         <run_address>0x1824</run_address>
         <size>0x13c</size>
         <input_file_ref idref="fl-c9"/>
      </object_component>
      <object_component id="oc-241">
         <name>.text</name>
         <load_address>0x1960</load_address>
         <run_address>0x1960</run_address>
         <size>0x136</size>
         <input_file_ref idref="fl-d0"/>
      </object_component>
      <object_component id="oc-26d">
         <name>.text:fcvt</name>
         <load_address>0x1a98</load_address>
         <run_address>0x1a98</run_address>
         <size>0x124</size>
         <input_file_ref idref="fl-c9"/>
      </object_component>
      <object_component id="oc-281">
         <name>.text:scalbn</name>
         <load_address>0x1bbc</load_address>
         <run_address>0x1bbc</run_address>
         <size>0x110</size>
         <input_file_ref idref="fl-cb"/>
      </object_component>
      <object_component id="oc-23c">
         <name>.text</name>
         <load_address>0x1ccc</load_address>
         <run_address>0x1ccc</run_address>
         <size>0xfc</size>
         <input_file_ref idref="fl-d1"/>
      </object_component>
      <object_component id="oc-98">
         <name>.text</name>
         <load_address>0x1dc8</load_address>
         <run_address>0x1dc8</run_address>
         <size>0xe4</size>
         <input_file_ref idref="fl-3"/>
      </object_component>
      <object_component id="oc-1cf">
         <name>.text:_ltostr</name>
         <load_address>0x1eac</load_address>
         <run_address>0x1eac</run_address>
         <size>0xb1</size>
         <input_file_ref idref="fl-c9"/>
      </object_component>
      <object_component id="oc-38">
         <name>.text</name>
         <load_address>0x1f5e</load_address>
         <run_address>0x1f5e</run_address>
         <size>0x9c</size>
         <input_file_ref idref="fl-c1"/>
      </object_component>
      <object_component id="oc-235">
         <name>.text</name>
         <load_address>0x1ffa</load_address>
         <run_address>0x1ffa</run_address>
         <size>0x96</size>
         <input_file_ref idref="fl-cc"/>
      </object_component>
      <object_component id="oc-1d5">
         <name>.text:__aeabi_cdcmple</name>
         <load_address>0x2090</load_address>
         <run_address>0x2090</run_address>
         <size>0x86</size>
         <input_file_ref idref="fl-cf"/>
      </object_component>
      <object_component id="oc-246">
         <name>.text:__aeabi_cdrcmple</name>
         <load_address>0x2116</load_address>
         <run_address>0x2116</run_address>
         <size>0x86</size>
         <input_file_ref idref="fl-cf"/>
      </object_component>
      <object_component id="oc-8c">
         <name>.text</name>
         <load_address>0x219c</load_address>
         <run_address>0x219c</run_address>
         <size>0x7a</size>
         <input_file_ref idref="fl-cd"/>
      </object_component>
      <object_component id="oc-266">
         <name>.text:_mcpy</name>
         <load_address>0x2216</load_address>
         <run_address>0x2216</run_address>
         <size>0x6e</size>
         <input_file_ref idref="fl-c9"/>
      </object_component>
      <object_component id="oc-12">
         <name>.text:decompress:lzss:__TI_decompress_lzss</name>
         <load_address>0x2284</load_address>
         <run_address>0x2284</run_address>
         <size>0x68</size>
         <input_file_ref idref="fl-c4"/>
      </object_component>
      <object_component id="oc-27b">
         <name>.text:frexp</name>
         <load_address>0x22ec</load_address>
         <run_address>0x22ec</run_address>
         <size>0x64</size>
         <input_file_ref idref="fl-ca"/>
      </object_component>
      <object_component id="oc-1e0">
         <name>.text:_pconv_f</name>
         <load_address>0x2350</load_address>
         <run_address>0x2350</run_address>
         <size>0x56</size>
         <input_file_ref idref="fl-c9"/>
      </object_component>
      <object_component id="oc-250">
         <name>.text:ltoa</name>
         <load_address>0x23a6</load_address>
         <run_address>0x23a6</run_address>
         <size>0x54</size>
         <input_file_ref idref="fl-dc"/>
      </object_component>
      <object_component id="oc-260">
         <name>.text:_ecpy</name>
         <load_address>0x23fa</load_address>
         <run_address>0x23fa</run_address>
         <size>0x52</size>
         <input_file_ref idref="fl-c9"/>
      </object_component>
      <object_component id="oc-1c9">
         <name>.text:atoi</name>
         <load_address>0x244c</load_address>
         <run_address>0x244c</run_address>
         <size>0x4c</size>
         <input_file_ref idref="fl-da"/>
      </object_component>
      <object_component id="oc-24b">
         <name>.text</name>
         <load_address>0x2498</load_address>
         <run_address>0x2498</run_address>
         <size>0x48</size>
         <input_file_ref idref="fl-d2"/>
      </object_component>
      <object_component id="oc-e7">
         <name>.text:__TI_auto_init_nobinit_nopinit:__TI_auto_init_nobinit_nopinit</name>
         <load_address>0x24e0</load_address>
         <run_address>0x24e0</run_address>
         <size>0x44</size>
         <input_file_ref idref="fl-d4"/>
      </object_component>
      <object_component id="oc-122">
         <name>.text:vsnprintf</name>
         <load_address>0x2524</load_address>
         <run_address>0x2524</run_address>
         <size>0x40</size>
         <input_file_ref idref="fl-c0"/>
      </object_component>
      <object_component id="oc-273">
         <name>.text:_fcpy</name>
         <load_address>0x2564</load_address>
         <run_address>0x2564</run_address>
         <size>0x3e</size>
         <input_file_ref idref="fl-c9"/>
      </object_component>
      <object_component id="oc-140">
         <name>.text:IntRegister</name>
         <load_address>0x25a4</load_address>
         <run_address>0x25a4</run_address>
         <size>0x34</size>
         <input_file_ref idref="fl-e3"/>
      </object_component>
      <object_component id="oc-56">
         <name>.text:_c_int00_noargs:_c_int00_noargs</name>
         <load_address>0x25d8</load_address>
         <run_address>0x25d8</run_address>
         <size>0x34</size>
         <input_file_ref idref="fl-c8"/>
      </object_component>
      <object_component id="oc-17c">
         <name>.text:_outs</name>
         <load_address>0x260c</load_address>
         <run_address>0x260c</run_address>
         <size>0x30</size>
         <input_file_ref idref="fl-c0"/>
      </object_component>
      <object_component id="oc-256">
         <name>.text</name>
         <load_address>0x263c</load_address>
         <run_address>0x263c</run_address>
         <size>0x2e</size>
         <input_file_ref idref="fl-d3"/>
      </object_component>
      <object_component id="oc-44">
         <name>.text:decompress:ZI:__TI_zero_init_nomemset:__TI_zero_init_nomemset</name>
         <load_address>0x266a</load_address>
         <run_address>0x266a</run_address>
         <size>0x1c</size>
         <input_file_ref idref="fl-c2"/>
      </object_component>
      <object_component id="oc-1f2">
         <name>.text:memccpy</name>
         <load_address>0x2686</load_address>
         <run_address>0x2686</run_address>
         <size>0x1c</size>
         <input_file_ref idref="fl-dd"/>
      </object_component>
      <object_component id="oc-2c6">
         <name>.text:copysign</name>
         <load_address>0x26a2</load_address>
         <run_address>0x26a2</run_address>
         <size>0x1a</size>
         <input_file_ref idref="fl-e1"/>
      </object_component>
      <object_component id="oc-182">
         <name>.text:_outc</name>
         <load_address>0x26bc</load_address>
         <run_address>0x26bc</run_address>
         <size>0x18</size>
         <input_file_ref idref="fl-c0"/>
      </object_component>
      <object_component id="oc-128">
         <name>.text:strcmp</name>
         <load_address>0x26d4</load_address>
         <run_address>0x26d4</run_address>
         <size>0x18</size>
         <input_file_ref idref="fl-c5"/>
      </object_component>
      <object_component id="oc-287">
         <name>.text:strchr</name>
         <load_address>0x26ec</load_address>
         <run_address>0x26ec</run_address>
         <size>0x16</size>
         <input_file_ref idref="fl-de"/>
      </object_component>
      <object_component id="oc-12e">
         <name>.text:strcpy</name>
         <load_address>0x2702</load_address>
         <run_address>0x2702</run_address>
         <size>0x14</size>
         <input_file_ref idref="fl-c6"/>
      </object_component>
      <object_component id="oc-c7">
         <name>.text:strlen</name>
         <load_address>0x2716</load_address>
         <run_address>0x2716</run_address>
         <size>0x14</size>
         <input_file_ref idref="fl-c7"/>
      </object_component>
      <object_component id="oc-1f8">
         <name>.text:wcslen</name>
         <load_address>0x272a</load_address>
         <run_address>0x272a</run_address>
         <size>0x12</size>
         <input_file_ref idref="fl-e0"/>
      </object_component>
      <object_component id="oc-11b">
         <name>.text:lcd_clear</name>
         <load_address>0x273c</load_address>
         <run_address>0x273c</run_address>
         <size>0x10</size>
         <input_file_ref idref="fl-4"/>
      </object_component>
      <object_component id="oc-18">
         <name>.text:decompress:none:__TI_decompress_none</name>
         <load_address>0x274c</load_address>
         <run_address>0x274c</run_address>
         <size>0xe</size>
         <input_file_ref idref="fl-c3"/>
      </object_component>
      <object_component id="oc-24">
         <name>.text</name>
         <load_address>0x275a</load_address>
         <run_address>0x275a</run_address>
         <size>0xc</size>
         <input_file_ref idref="fl-5"/>
      </object_component>
      <object_component id="oc-1fe">
         <name>.text:__aeabi_errno_addr</name>
         <load_address>0x2768</load_address>
         <run_address>0x2768</run_address>
         <size>0x8</size>
         <input_file_ref idref="fl-df"/>
      </object_component>
      <object_component id="oc-92">
         <name>.text:_system_pre_init</name>
         <load_address>0x2770</load_address>
         <run_address>0x2770</run_address>
         <size>0x4</size>
         <input_file_ref idref="fl-d5"/>
      </object_component>
      <object_component id="oc-db">
         <name>.text:abort:abort</name>
         <load_address>0x2774</load_address>
         <run_address>0x2774</run_address>
         <size>0x4</size>
         <input_file_ref idref="fl-d7"/>
      </object_component>
      <object_component id="oc-230">
         <name>.const:.string:_ctypes_</name>
         <load_address>0x2778</load_address>
         <run_address>0x2778</run_address>
         <size>0x101</size>
         <input_file_ref idref="fl-db"/>
      </object_component>
      <object_component id="oc-d3">
         <name>.const:.string:$P$T0$1</name>
         <load_address>0x2879</load_address>
         <run_address>0x2879</run_address>
         <size>0x64</size>
         <input_file_ref idref="fl-3"/>
      </object_component>
      <object_component id="oc-d6">
         <name>.const:.string:$P$T1$2</name>
         <load_address>0x28dd</load_address>
         <run_address>0x28dd</run_address>
         <size>0xf</size>
         <input_file_ref idref="fl-3"/>
      </object_component>
      <object_component id="oc-134">
         <name>.const:.string:lineAddress$1</name>
         <load_address>0x28ec</load_address>
         <run_address>0x28ec</run_address>
         <size>0x4</size>
         <input_file_ref idref="fl-4"/>
      </object_component>
      <object_component id="oc-135">
         <name>.const:.string:lineAddresses$2</name>
         <load_address>0x28f0</load_address>
         <run_address>0x28f0</run_address>
         <size>0x4</size>
         <input_file_ref idref="fl-4"/>
      </object_component>
      <object_component id="oc-31a">
         <name>__TI_handler_table</name>
         <load_address>0x28f8</load_address>
         <run_address>0x28f8</run_address>
         <size>0xc</size>
      </object_component>
      <object_component id="oc-31e">
         <name>.cinit..bss.load</name>
         <load_address>0x2908</load_address>
         <run_address>0x2908</run_address>
         <size>0x8</size>
      </object_component>
      <object_component id="oc-31c">
         <name>.cinit..vtable.load</name>
         <load_address>0x2910</load_address>
         <run_address>0x2910</run_address>
         <size>0x8</size>
      </object_component>
      <object_component id="oc-31d">
         <name>.cinit..data.load</name>
         <load_address>0x2918</load_address>
         <run_address>0x2918</run_address>
         <size>0x7</size>
      </object_component>
      <object_component id="oc-31b">
         <name>__TI_cinit_table</name>
         <load_address>0x2920</load_address>
         <run_address>0x2920</run_address>
         <size>0x18</size>
      </object_component>
      <object_component id="oc-19c">
         <name>.vtable</name>
         <uninitialized>true</uninitialized>
         <run_address>0x20000000</run_address>
         <size>0x26c</size>
         <input_file_ref idref="fl-e3"/>
      </object_component>
      <object_component id="oc-146">
         <name>.data</name>
         <load_address>0x200012cc</load_address>
         <run_address>0x200012cc</run_address>
         <size>0x1</size>
         <input_file_ref idref="fl-2"/>
      </object_component>
      <object_component id="oc-297">
         <name>.data</name>
         <load_address>0x200012c8</load_address>
         <run_address>0x200012c8</run_address>
         <size>0x4</size>
         <input_file_ref idref="fl-df"/>
      </object_component>
      <object_component id="oc-136">
         <name>.bss:lastbuffer$3</name>
         <uninitialized>true</uninitialized>
         <run_address>0x20001270</run_address>
         <size>0x54</size>
         <input_file_ref idref="fl-4"/>
      </object_component>
      <object_component id="oc-149">
         <name>.common:_timeout_ticks</name>
         <uninitialized>true</uninitialized>
         <run_address>0x200012c4</run_address>
         <size>0x4</size>
      </object_component>
      <object_component id="oc-21">
         <name>.stack</name>
         <uninitialized>true</uninitialized>
         <run_address>0x20000270</run_address>
         <size>0x4</size>
         <input_file_ref idref="fl-c8"/>
      </object_component>
      <object_component id="oc-31f">
         <name>.stack</name>
         <uninitialized>true</uninitialized>
         <run_address>0x20000270</run_address>
         <size>0x0</size>
      </object_component>
      <object_component id="oc-af">
         <name>.debug_info</name>
         <load_address>0x0</load_address>
         <run_address>0x0</run_address>
         <size>0x2b2</size>
         <input_file_ref idref="fl-2"/>
      </object_component>
      <object_component id="oc-147">
         <name>.debug_info</name>
         <load_address>0x2b2</load_address>
         <run_address>0x2b2</run_address>
         <size>0xc0</size>
         <input_file_ref idref="fl-2"/>
      </object_component>
      <object_component id="oc-d1">
         <name>.debug_info</name>
         <load_address>0x372</load_address>
         <run_address>0x372</run_address>
         <size>0x508</size>
         <input_file_ref idref="fl-2"/>
      </object_component>
      <object_component id="oc-6d">
         <name>.debug_info</name>
         <load_address>0x87a</load_address>
         <run_address>0x87a</run_address>
         <size>0x26b</size>
         <input_file_ref idref="fl-2"/>
      </object_component>
      <object_component id="oc-33">
         <name>.debug_info</name>
         <load_address>0xae5</load_address>
         <run_address>0xae5</run_address>
         <size>0x84</size>
         <input_file_ref idref="fl-2"/>
      </object_component>
      <object_component id="oc-aa">
         <name>.debug_info</name>
         <load_address>0xb69</load_address>
         <run_address>0xb69</run_address>
         <size>0x297</size>
         <input_file_ref idref="fl-2"/>
      </object_component>
      <object_component id="oc-72">
         <name>.debug_info</name>
         <load_address>0xe00</load_address>
         <run_address>0xe00</run_address>
         <size>0xbb</size>
         <input_file_ref idref="fl-2"/>
      </object_component>
      <object_component id="oc-da">
         <name>.debug_info</name>
         <load_address>0xebb</load_address>
         <run_address>0xebb</run_address>
         <size>0x358</size>
         <input_file_ref idref="fl-3"/>
      </object_component>
      <object_component id="oc-d4">
         <name>.debug_info</name>
         <load_address>0x1213</load_address>
         <run_address>0x1213</run_address>
         <size>0xbe</size>
         <input_file_ref idref="fl-3"/>
      </object_component>
      <object_component id="oc-d7">
         <name>.debug_info</name>
         <load_address>0x12d1</load_address>
         <run_address>0x12d1</run_address>
         <size>0xbe</size>
         <input_file_ref idref="fl-3"/>
      </object_component>
      <object_component id="oc-9a">
         <name>.debug_info</name>
         <load_address>0x138f</load_address>
         <run_address>0x138f</run_address>
         <size>0x245</size>
         <input_file_ref idref="fl-3"/>
      </object_component>
      <object_component id="oc-151">
         <name>.debug_info</name>
         <load_address>0x15d4</load_address>
         <run_address>0x15d4</run_address>
         <size>0xcc</size>
         <input_file_ref idref="fl-3"/>
      </object_component>
      <object_component id="oc-139">
         <name>.debug_info</name>
         <load_address>0x16a0</load_address>
         <run_address>0x16a0</run_address>
         <size>0x2c</size>
         <input_file_ref idref="fl-3"/>
      </object_component>
      <object_component id="oc-138">
         <name>.debug_info</name>
         <load_address>0x16cc</load_address>
         <run_address>0x16cc</run_address>
         <size>0x37a</size>
         <input_file_ref idref="fl-4"/>
      </object_component>
      <object_component id="oc-11d">
         <name>.debug_info</name>
         <load_address>0x1a46</load_address>
         <run_address>0x1a46</run_address>
         <size>0x115</size>
         <input_file_ref idref="fl-4"/>
      </object_component>
      <object_component id="oc-c2">
         <name>.debug_info</name>
         <load_address>0x1b5b</load_address>
         <run_address>0x1b5b</run_address>
         <size>0x8a1</size>
         <input_file_ref idref="fl-4"/>
      </object_component>
      <object_component id="oc-2c">
         <name>.debug_info</name>
         <load_address>0x23fc</load_address>
         <run_address>0x23fc</run_address>
         <size>0x29c</size>
         <input_file_ref idref="fl-5"/>
      </object_component>
      <object_component id="oc-10">
         <name>.debug_info</name>
         <load_address>0x2698</load_address>
         <run_address>0x2698</run_address>
         <size>0xdb</size>
         <input_file_ref idref="fl-5"/>
      </object_component>
      <object_component id="oc-25">
         <name>.debug_info</name>
         <load_address>0x2773</load_address>
         <run_address>0x2773</run_address>
         <size>0x257</size>
         <input_file_ref idref="fl-5"/>
      </object_component>
      <object_component id="oc-189">
         <name>.debug_info</name>
         <load_address>0x29ca</load_address>
         <run_address>0x29ca</run_address>
         <size>0x341</size>
         <input_file_ref idref="fl-c0"/>
      </object_component>
      <object_component id="oc-125">
         <name>.debug_info</name>
         <load_address>0x2d0b</load_address>
         <run_address>0x2d0b</run_address>
         <size>0x209</size>
         <input_file_ref idref="fl-c0"/>
      </object_component>
      <object_component id="oc-17f">
         <name>.debug_info</name>
         <load_address>0x2f14</load_address>
         <run_address>0x2f14</run_address>
         <size>0x1c7</size>
         <input_file_ref idref="fl-c0"/>
      </object_component>
      <object_component id="oc-184">
         <name>.debug_info</name>
         <load_address>0x30db</load_address>
         <run_address>0x30db</run_address>
         <size>0x17a</size>
         <input_file_ref idref="fl-c0"/>
      </object_component>
      <object_component id="oc-18a">
         <name>.debug_info</name>
         <load_address>0x3255</load_address>
         <run_address>0x3255</run_address>
         <size>0x2c</size>
         <input_file_ref idref="fl-c0"/>
      </object_component>
      <object_component id="oc-18f">
         <name>.debug_info</name>
         <load_address>0x3281</load_address>
         <run_address>0x3281</run_address>
         <size>0x69</size>
         <input_file_ref idref="fl-c0"/>
      </object_component>
      <object_component id="oc-3a">
         <name>.debug_info</name>
         <load_address>0x32ea</load_address>
         <run_address>0x32ea</run_address>
         <size>0x11a</size>
         <input_file_ref idref="fl-c1"/>
      </object_component>
      <object_component id="oc-8b">
         <name>.debug_info</name>
         <load_address>0x3404</load_address>
         <run_address>0x3404</run_address>
         <size>0x2d5</size>
         <input_file_ref idref="fl-c2"/>
      </object_component>
      <object_component id="oc-47">
         <name>.debug_info</name>
         <load_address>0x36d9</load_address>
         <run_address>0x36d9</run_address>
         <size>0x1d3</size>
         <input_file_ref idref="fl-c2"/>
      </object_component>
      <object_component id="oc-86">
         <name>.debug_info</name>
         <load_address>0x38ac</load_address>
         <run_address>0x38ac</run_address>
         <size>0x46</size>
         <input_file_ref idref="fl-c2"/>
      </object_component>
      <object_component id="oc-b8">
         <name>.debug_info</name>
         <load_address>0x38f2</load_address>
         <run_address>0x38f2</run_address>
         <size>0x2c</size>
         <input_file_ref idref="fl-c2"/>
      </object_component>
      <object_component id="oc-43">
         <name>.debug_info</name>
         <load_address>0x391e</load_address>
         <run_address>0x391e</run_address>
         <size>0x2a9</size>
         <input_file_ref idref="fl-c3"/>
      </object_component>
      <object_component id="oc-1c">
         <name>.debug_info</name>
         <load_address>0x3bc7</load_address>
         <run_address>0x3bc7</run_address>
         <size>0x1eb</size>
         <input_file_ref idref="fl-c3"/>
      </object_component>
      <object_component id="oc-3e">
         <name>.debug_info</name>
         <load_address>0x3db2</load_address>
         <run_address>0x3db2</run_address>
         <size>0x46</size>
         <input_file_ref idref="fl-c3"/>
      </object_component>
      <object_component id="oc-7e">
         <name>.debug_info</name>
         <load_address>0x3df8</load_address>
         <run_address>0x3df8</run_address>
         <size>0x2c</size>
         <input_file_ref idref="fl-c3"/>
      </object_component>
      <object_component id="oc-7c">
         <name>.debug_info</name>
         <load_address>0x3e24</load_address>
         <run_address>0x3e24</run_address>
         <size>0x29f</size>
         <input_file_ref idref="fl-c4"/>
      </object_component>
      <object_component id="oc-16">
         <name>.debug_info</name>
         <load_address>0x40c3</load_address>
         <run_address>0x40c3</run_address>
         <size>0x251</size>
         <input_file_ref idref="fl-c4"/>
      </object_component>
      <object_component id="oc-2e">
         <name>.debug_info</name>
         <load_address>0x4314</load_address>
         <run_address>0x4314</run_address>
         <size>0x60</size>
         <input_file_ref idref="fl-c4"/>
      </object_component>
      <object_component id="oc-b1">
         <name>.debug_info</name>
         <load_address>0x4374</load_address>
         <run_address>0x4374</run_address>
         <size>0x46</size>
         <input_file_ref idref="fl-c4"/>
      </object_component>
      <object_component id="oc-77">
         <name>.debug_info</name>
         <load_address>0x43ba</load_address>
         <run_address>0x43ba</run_address>
         <size>0x39</size>
         <input_file_ref idref="fl-c4"/>
      </object_component>
      <object_component id="oc-195">
         <name>.debug_info</name>
         <load_address>0x43f3</load_address>
         <run_address>0x43f3</run_address>
         <size>0x28b</size>
         <input_file_ref idref="fl-c5"/>
      </object_component>
      <object_component id="oc-12b">
         <name>.debug_info</name>
         <load_address>0x467e</load_address>
         <run_address>0x467e</run_address>
         <size>0x274</size>
         <input_file_ref idref="fl-c5"/>
      </object_component>
      <object_component id="oc-197">
         <name>.debug_info</name>
         <load_address>0x48f2</load_address>
         <run_address>0x48f2</run_address>
         <size>0x2a5</size>
         <input_file_ref idref="fl-c6"/>
      </object_component>
      <object_component id="oc-130">
         <name>.debug_info</name>
         <load_address>0x4b97</load_address>
         <run_address>0x4b97</run_address>
         <size>0x24d</size>
         <input_file_ref idref="fl-c6"/>
      </object_component>
      <object_component id="oc-13f">
         <name>.debug_info</name>
         <load_address>0x4de4</load_address>
         <run_address>0x4de4</run_address>
         <size>0x290</size>
         <input_file_ref idref="fl-c7"/>
      </object_component>
      <object_component id="oc-c8">
         <name>.debug_info</name>
         <load_address>0x5074</load_address>
         <run_address>0x5074</run_address>
         <size>0x246</size>
         <input_file_ref idref="fl-c7"/>
      </object_component>
      <object_component id="oc-22">
         <name>.debug_info</name>
         <load_address>0x52ba</load_address>
         <run_address>0x52ba</run_address>
         <size>0x10c</size>
         <input_file_ref idref="fl-c8"/>
      </object_component>
      <object_component id="oc-59">
         <name>.debug_info</name>
         <load_address>0x53c6</load_address>
         <run_address>0x53c6</run_address>
         <size>0x1aa</size>
         <input_file_ref idref="fl-c8"/>
      </object_component>
      <object_component id="oc-205">
         <name>.debug_info</name>
         <load_address>0x5570</load_address>
         <run_address>0x5570</run_address>
         <size>0x57c</size>
         <input_file_ref idref="fl-c9"/>
      </object_component>
      <object_component id="oc-1d1">
         <name>.debug_info</name>
         <load_address>0x5aec</load_address>
         <run_address>0x5aec</run_address>
         <size>0x21f</size>
         <input_file_ref idref="fl-c9"/>
      </object_component>
      <object_component id="oc-262">
         <name>.debug_info</name>
         <load_address>0x5d0b</load_address>
         <run_address>0x5d0b</run_address>
         <size>0x1b4</size>
         <input_file_ref idref="fl-c9"/>
      </object_component>
      <object_component id="oc-268">
         <name>.debug_info</name>
         <load_address>0x5ebf</load_address>
         <run_address>0x5ebf</run_address>
         <size>0x21c</size>
         <input_file_ref idref="fl-c9"/>
      </object_component>
      <object_component id="oc-1dc">
         <name>.debug_info</name>
         <load_address>0x60db</load_address>
         <run_address>0x60db</run_address>
         <size>0x3bc</size>
         <input_file_ref idref="fl-c9"/>
      </object_component>
      <object_component id="oc-26f">
         <name>.debug_info</name>
         <load_address>0x6497</load_address>
         <run_address>0x6497</run_address>
         <size>0x306</size>
         <input_file_ref idref="fl-c9"/>
      </object_component>
      <object_component id="oc-274">
         <name>.debug_info</name>
         <load_address>0x679d</load_address>
         <run_address>0x679d</run_address>
         <size>0x216</size>
         <input_file_ref idref="fl-c9"/>
      </object_component>
      <object_component id="oc-1e1">
         <name>.debug_info</name>
         <load_address>0x69b3</load_address>
         <run_address>0x69b3</run_address>
         <size>0x216</size>
         <input_file_ref idref="fl-c9"/>
      </object_component>
      <object_component id="oc-1e7">
         <name>.debug_info</name>
         <load_address>0x6bc9</load_address>
         <run_address>0x6bc9</run_address>
         <size>0x305</size>
         <input_file_ref idref="fl-c9"/>
      </object_component>
      <object_component id="oc-1ed">
         <name>.debug_info</name>
         <load_address>0x6ece</load_address>
         <run_address>0x6ece</run_address>
         <size>0x4b1</size>
         <input_file_ref idref="fl-c9"/>
      </object_component>
      <object_component id="oc-177">
         <name>.debug_info</name>
         <load_address>0x737f</load_address>
         <run_address>0x737f</run_address>
         <size>0x5f5</size>
         <input_file_ref idref="fl-c9"/>
      </object_component>
      <object_component id="oc-206">
         <name>.debug_info</name>
         <load_address>0x7974</load_address>
         <run_address>0x7974</run_address>
         <size>0x86</size>
         <input_file_ref idref="fl-c9"/>
      </object_component>
      <object_component id="oc-29e">
         <name>.debug_info</name>
         <load_address>0x79fa</load_address>
         <run_address>0x79fa</run_address>
         <size>0x39</size>
         <input_file_ref idref="fl-c9"/>
      </object_component>
      <object_component id="oc-2dd">
         <name>.debug_info</name>
         <load_address>0x7a33</load_address>
         <run_address>0x7a33</run_address>
         <size>0xb6</size>
         <input_file_ref idref="fl-c9"/>
      </object_component>
      <object_component id="oc-2a3">
         <name>.debug_info</name>
         <load_address>0x7ae9</load_address>
         <run_address>0x7ae9</run_address>
         <size>0x46</size>
         <input_file_ref idref="fl-c9"/>
      </object_component>
      <object_component id="oc-20b">
         <name>.debug_info</name>
         <load_address>0x7b2f</load_address>
         <run_address>0x7b2f</run_address>
         <size>0x46</size>
         <input_file_ref idref="fl-c9"/>
      </object_component>
      <object_component id="oc-2c0">
         <name>.debug_info</name>
         <load_address>0x7b75</load_address>
         <run_address>0x7b75</run_address>
         <size>0x29b</size>
         <input_file_ref idref="fl-ca"/>
      </object_component>
      <object_component id="oc-27d">
         <name>.debug_info</name>
         <load_address>0x7e10</load_address>
         <run_address>0x7e10</run_address>
         <size>0x196</size>
         <input_file_ref idref="fl-ca"/>
      </object_component>
      <object_component id="oc-2e9">
         <name>.debug_info</name>
         <load_address>0x7fa6</load_address>
         <run_address>0x7fa6</run_address>
         <size>0x39</size>
         <input_file_ref idref="fl-ca"/>
      </object_component>
      <object_component id="oc-2c1">
         <name>.debug_info</name>
         <load_address>0x7fdf</load_address>
         <run_address>0x7fdf</run_address>
         <size>0x2c</size>
         <input_file_ref idref="fl-ca"/>
      </object_component>
      <object_component id="oc-2cd">
         <name>.debug_info</name>
         <load_address>0x800b</load_address>
         <run_address>0x800b</run_address>
         <size>0x2fe</size>
         <input_file_ref idref="fl-cb"/>
      </object_component>
      <object_component id="oc-282">
         <name>.debug_info</name>
         <load_address>0x8309</load_address>
         <run_address>0x8309</run_address>
         <size>0x226</size>
         <input_file_ref idref="fl-cb"/>
      </object_component>
      <object_component id="oc-238">
         <name>.debug_info</name>
         <load_address>0x852f</load_address>
         <run_address>0x852f</run_address>
         <size>0x135</size>
         <input_file_ref idref="fl-cc"/>
      </object_component>
      <object_component id="oc-8d">
         <name>.debug_info</name>
         <load_address>0x8664</load_address>
         <run_address>0x8664</run_address>
         <size>0x148</size>
         <input_file_ref idref="fl-cd"/>
      </object_component>
      <object_component id="oc-25e">
         <name>.debug_info</name>
         <load_address>0x87ac</load_address>
         <run_address>0x87ac</run_address>
         <size>0x14d</size>
         <input_file_ref idref="fl-ce"/>
      </object_component>
      <object_component id="oc-1d6">
         <name>.debug_info</name>
         <load_address>0x88f9</load_address>
         <run_address>0x88f9</run_address>
         <size>0x129</size>
         <input_file_ref idref="fl-cf"/>
      </object_component>
      <object_component id="oc-249">
         <name>.debug_info</name>
         <load_address>0x8a22</load_address>
         <run_address>0x8a22</run_address>
         <size>0x12b</size>
         <input_file_ref idref="fl-cf"/>
      </object_component>
      <object_component id="oc-242">
         <name>.debug_info</name>
         <load_address>0x8b4d</load_address>
         <run_address>0x8b4d</run_address>
         <size>0x13b</size>
         <input_file_ref idref="fl-d0"/>
      </object_component>
      <object_component id="oc-23f">
         <name>.debug_info</name>
         <load_address>0x8c88</load_address>
         <run_address>0x8c88</run_address>
         <size>0x13b</size>
         <input_file_ref idref="fl-d1"/>
      </object_component>
      <object_component id="oc-24d">
         <name>.debug_info</name>
         <load_address>0x8dc3</load_address>
         <run_address>0x8dc3</run_address>
         <size>0x12f</size>
         <input_file_ref idref="fl-d2"/>
      </object_component>
      <object_component id="oc-258">
         <name>.debug_info</name>
         <load_address>0x8ef2</load_address>
         <run_address>0x8ef2</run_address>
         <size>0x12d</size>
         <input_file_ref idref="fl-d3"/>
      </object_component>
      <object_component id="oc-161">
         <name>.debug_info</name>
         <load_address>0x901f</load_address>
         <run_address>0x901f</run_address>
         <size>0x4b4</size>
         <input_file_ref idref="fl-d4"/>
      </object_component>
      <object_component id="oc-ea">
         <name>.debug_info</name>
         <load_address>0x94d3</load_address>
         <run_address>0x94d3</run_address>
         <size>0x1a7</size>
         <input_file_ref idref="fl-d4"/>
      </object_component>
      <object_component id="oc-1b8">
         <name>.debug_info</name>
         <load_address>0x967a</load_address>
         <run_address>0x967a</run_address>
         <size>0x39</size>
         <input_file_ref idref="fl-d4"/>
      </object_component>
      <object_component id="oc-224">
         <name>.debug_info</name>
         <load_address>0x96b3</load_address>
         <run_address>0x96b3</run_address>
         <size>0x39</size>
         <input_file_ref idref="fl-d4"/>
      </object_component>
      <object_component id="oc-1bd">
         <name>.debug_info</name>
         <load_address>0x96ec</load_address>
         <run_address>0x96ec</run_address>
         <size>0x39</size>
         <input_file_ref idref="fl-d4"/>
      </object_component>
      <object_component id="oc-1c2">
         <name>.debug_info</name>
         <load_address>0x9725</load_address>
         <run_address>0x9725</run_address>
         <size>0xcd</size>
         <input_file_ref idref="fl-d4"/>
      </object_component>
      <object_component id="oc-93">
         <name>.debug_info</name>
         <load_address>0x97f2</load_address>
         <run_address>0x97f2</run_address>
         <size>0x154</size>
         <input_file_ref idref="fl-d5"/>
      </object_component>
      <object_component id="oc-de">
         <name>.debug_info</name>
         <load_address>0x9946</load_address>
         <run_address>0x9946</run_address>
         <size>0x123</size>
         <input_file_ref idref="fl-d7"/>
      </object_component>
      <object_component id="oc-234">
         <name>.debug_info</name>
         <load_address>0x9a69</load_address>
         <run_address>0x9a69</run_address>
         <size>0x2ba</size>
         <input_file_ref idref="fl-da"/>
      </object_component>
      <object_component id="oc-1cd">
         <name>.debug_info</name>
         <load_address>0x9d23</load_address>
         <run_address>0x9d23</run_address>
         <size>0x17d</size>
         <input_file_ref idref="fl-da"/>
      </object_component>
      <object_component id="oc-2aa">
         <name>.debug_info</name>
         <load_address>0x9ea0</load_address>
         <run_address>0x9ea0</run_address>
         <size>0xfa</size>
         <input_file_ref idref="fl-db"/>
      </object_component>
      <object_component id="oc-231">
         <name>.debug_info</name>
         <load_address>0x9f9a</load_address>
         <run_address>0x9f9a</run_address>
         <size>0x106</size>
         <input_file_ref idref="fl-db"/>
      </object_component>
      <object_component id="oc-2b8">
         <name>.debug_info</name>
         <load_address>0xa0a0</load_address>
         <run_address>0xa0a0</run_address>
         <size>0x29c</size>
         <input_file_ref idref="fl-dc"/>
      </object_component>
      <object_component id="oc-251">
         <name>.debug_info</name>
         <load_address>0xa33c</load_address>
         <run_address>0xa33c</run_address>
         <size>0x1ce</size>
         <input_file_ref idref="fl-dc"/>
      </object_component>
      <object_component id="oc-28f">
         <name>.debug_info</name>
         <load_address>0xa50a</load_address>
         <run_address>0xa50a</run_address>
         <size>0x297</size>
         <input_file_ref idref="fl-dd"/>
      </object_component>
      <object_component id="oc-1f3">
         <name>.debug_info</name>
         <load_address>0xa7a1</load_address>
         <run_address>0xa7a1</run_address>
         <size>0x1b7</size>
         <input_file_ref idref="fl-dd"/>
      </object_component>
      <object_component id="oc-2cf">
         <name>.debug_info</name>
         <load_address>0xa958</load_address>
         <run_address>0xa958</run_address>
         <size>0x29b</size>
         <input_file_ref idref="fl-de"/>
      </object_component>
      <object_component id="oc-28a">
         <name>.debug_info</name>
         <load_address>0xabf3</load_address>
         <run_address>0xabf3</run_address>
         <size>0x263</size>
         <input_file_ref idref="fl-de"/>
      </object_component>
      <object_component id="oc-29b">
         <name>.debug_info</name>
         <load_address>0xae56</load_address>
         <run_address>0xae56</run_address>
         <size>0x28a</size>
         <input_file_ref idref="fl-df"/>
      </object_component>
      <object_component id="oc-298">
         <name>.debug_info</name>
         <load_address>0xb0e0</load_address>
         <run_address>0xb0e0</run_address>
         <size>0x10f</size>
         <input_file_ref idref="fl-df"/>
      </object_component>
      <object_component id="oc-1ff">
         <name>.debug_info</name>
         <load_address>0xb1ef</load_address>
         <run_address>0xb1ef</run_address>
         <size>0x14f</size>
         <input_file_ref idref="fl-df"/>
      </object_component>
      <object_component id="oc-296">
         <name>.debug_info</name>
         <load_address>0xb33e</load_address>
         <run_address>0xb33e</run_address>
         <size>0x290</size>
         <input_file_ref idref="fl-e0"/>
      </object_component>
      <object_component id="oc-1f9">
         <name>.debug_info</name>
         <load_address>0xb5ce</load_address>
         <run_address>0xb5ce</run_address>
         <size>0x15b</size>
         <input_file_ref idref="fl-e0"/>
      </object_component>
      <object_component id="oc-2d2">
         <name>.debug_info</name>
         <load_address>0xb729</load_address>
         <run_address>0xb729</run_address>
         <size>0x46</size>
         <input_file_ref idref="fl-e0"/>
      </object_component>
      <object_component id="oc-291">
         <name>.debug_info</name>
         <load_address>0xb76f</load_address>
         <run_address>0xb76f</run_address>
         <size>0x39</size>
         <input_file_ref idref="fl-e0"/>
      </object_component>
      <object_component id="oc-2c7">
         <name>.debug_info</name>
         <load_address>0xb7a8</load_address>
         <run_address>0xb7a8</run_address>
         <size>0x162</size>
         <input_file_ref idref="fl-e1"/>
      </object_component>
      <object_component id="oc-2b0">
         <name>.debug_info</name>
         <load_address>0xb90a</load_address>
         <run_address>0xb90a</run_address>
         <size>0x116</size>
         <input_file_ref idref="fl-e2"/>
      </object_component>
      <object_component id="oc-1a5">
         <name>.debug_info</name>
         <load_address>0xba20</load_address>
         <run_address>0xba20</run_address>
         <size>0x20e</size>
         <input_file_ref idref="fl-e3"/>
      </object_component>
      <object_component id="oc-19d">
         <name>.debug_info</name>
         <load_address>0xbc2e</load_address>
         <run_address>0xbc2e</run_address>
         <size>0x157</size>
         <input_file_ref idref="fl-e3"/>
      </object_component>
      <object_component id="oc-142">
         <name>.debug_info</name>
         <load_address>0xbd85</load_address>
         <run_address>0xbd85</run_address>
         <size>0x2c1</size>
         <input_file_ref idref="fl-e3"/>
      </object_component>
      <object_component id="oc-21a">
         <name>.debug_info</name>
         <load_address>0xc046</load_address>
         <run_address>0xc046</run_address>
         <size>0x8b</size>
         <input_file_ref idref="fl-e3"/>
      </object_component>
      <object_component id="oc-1a0">
         <name>.debug_info</name>
         <load_address>0xc0d1</load_address>
         <run_address>0xc0d1</run_address>
         <size>0x18b</size>
         <input_file_ref idref="fl-e3"/>
      </object_component>
      <object_component id="oc-320">
         <name>.debug_info</name>
         <load_address>0xc25c</load_address>
         <run_address>0xc25c</run_address>
         <size>0x8e</size>
      </object_component>
      <object_component id="oc-11a">
         <name>.debug_line</name>
         <load_address>0x0</load_address>
         <run_address>0x0</run_address>
         <size>0x69</size>
         <input_file_ref idref="fl-2"/>
      </object_component>
      <object_component id="oc-1a7">
         <name>.debug_line</name>
         <load_address>0x69</load_address>
         <run_address>0x69</run_address>
         <size>0x2e</size>
         <input_file_ref idref="fl-2"/>
      </object_component>
      <object_component id="oc-ce">
         <name>.debug_line</name>
         <load_address>0x97</load_address>
         <run_address>0x97</run_address>
         <size>0x183</size>
         <input_file_ref idref="fl-2"/>
      </object_component>
      <object_component id="oc-70">
         <name>.debug_line</name>
         <load_address>0x21a</load_address>
         <run_address>0x21a</run_address>
         <size>0x6f</size>
         <input_file_ref idref="fl-2"/>
      </object_component>
      <object_component id="oc-36">
         <name>.debug_line</name>
         <load_address>0x289</load_address>
         <run_address>0x289</run_address>
         <size>0x20</size>
         <input_file_ref idref="fl-2"/>
      </object_component>
      <object_component id="oc-ad">
         <name>.debug_line</name>
         <load_address>0x2a9</load_address>
         <run_address>0x2a9</run_address>
         <size>0x73</size>
         <input_file_ref idref="fl-2"/>
      </object_component>
      <object_component id="oc-75">
         <name>.debug_line</name>
         <load_address>0x31c</load_address>
         <run_address>0x31c</run_address>
         <size>0x70</size>
         <input_file_ref idref="fl-2"/>
      </object_component>
      <object_component id="oc-150">
         <name>.debug_line</name>
         <load_address>0x38c</load_address>
         <run_address>0x38c</run_address>
         <size>0x85</size>
         <input_file_ref idref="fl-3"/>
      </object_component>
      <object_component id="oc-14c">
         <name>.debug_line</name>
         <load_address>0x411</load_address>
         <run_address>0x411</run_address>
         <size>0x2f</size>
         <input_file_ref idref="fl-3"/>
      </object_component>
      <object_component id="oc-14e">
         <name>.debug_line</name>
         <load_address>0x440</load_address>
         <run_address>0x440</run_address>
         <size>0x2f</size>
         <input_file_ref idref="fl-3"/>
      </object_component>
      <object_component id="oc-99">
         <name>.debug_line</name>
         <load_address>0x46f</load_address>
         <run_address>0x46f</run_address>
         <size>0xa7</size>
         <input_file_ref idref="fl-3"/>
      </object_component>
      <object_component id="oc-154">
         <name>.debug_line</name>
         <load_address>0x516</load_address>
         <run_address>0x516</run_address>
         <size>0x6a</size>
         <input_file_ref idref="fl-3"/>
      </object_component>
      <object_component id="oc-13c">
         <name>.debug_line</name>
         <load_address>0x580</load_address>
         <run_address>0x580</run_address>
         <size>0x6b</size>
         <input_file_ref idref="fl-3"/>
      </object_component>
      <object_component id="oc-199">
         <name>.debug_line</name>
         <load_address>0x5eb</load_address>
         <run_address>0x5eb</run_address>
         <size>0xc3</size>
         <input_file_ref idref="fl-4"/>
      </object_component>
      <object_component id="oc-11c">
         <name>.debug_line</name>
         <load_address>0x6ae</load_address>
         <run_address>0x6ae</run_address>
         <size>0x45</size>
         <input_file_ref idref="fl-4"/>
      </object_component>
      <object_component id="oc-c6">
         <name>.debug_line</name>
         <load_address>0x6f3</load_address>
         <run_address>0x6f3</run_address>
         <size>0x1a0</size>
         <input_file_ref idref="fl-4"/>
      </object_component>
      <object_component id="oc-6c">
         <name>.debug_line</name>
         <load_address>0x893</load_address>
         <run_address>0x893</run_address>
         <size>0x41</size>
         <input_file_ref idref="fl-5"/>
      </object_component>
      <object_component id="oc-2b">
         <name>.debug_line</name>
         <load_address>0x8d4</load_address>
         <run_address>0x8d4</run_address>
         <size>0x41</size>
         <input_file_ref idref="fl-5"/>
      </object_component>
      <object_component id="oc-28">
         <name>.debug_line</name>
         <load_address>0x915</load_address>
         <run_address>0x915</run_address>
         <size>0xa1</size>
         <input_file_ref idref="fl-5"/>
      </object_component>
      <object_component id="oc-213">
         <name>.debug_line</name>
         <load_address>0x9b6</load_address>
         <run_address>0x9b6</run_address>
         <size>0x2f</size>
         <input_file_ref idref="fl-c0"/>
      </object_component>
      <object_component id="oc-123">
         <name>.debug_line</name>
         <load_address>0x9e5</load_address>
         <run_address>0x9e5</run_address>
         <size>0x55</size>
         <input_file_ref idref="fl-c0"/>
      </object_component>
      <object_component id="oc-17d">
         <name>.debug_line</name>
         <load_address>0xa3a</load_address>
         <run_address>0xa3a</run_address>
         <size>0x59</size>
         <input_file_ref idref="fl-c0"/>
      </object_component>
      <object_component id="oc-183">
         <name>.debug_line</name>
         <load_address>0xa93</load_address>
         <run_address>0xa93</run_address>
         <size>0x47</size>
         <input_file_ref idref="fl-c0"/>
      </object_component>
      <object_component id="oc-18d">
         <name>.debug_line</name>
         <load_address>0xada</load_address>
         <run_address>0xada</run_address>
         <size>0x91</size>
         <input_file_ref idref="fl-c0"/>
      </object_component>
      <object_component id="oc-192">
         <name>.debug_line</name>
         <load_address>0xb6b</load_address>
         <run_address>0xb6b</run_address>
         <size>0x2f</size>
         <input_file_ref idref="fl-c0"/>
      </object_component>
      <object_component id="oc-3c">
         <name>.debug_line</name>
         <load_address>0xb9a</load_address>
         <run_address>0xb9a</run_address>
         <size>0x88</size>
         <input_file_ref idref="fl-c1"/>
      </object_component>
      <object_component id="oc-be">
         <name>.debug_line</name>
         <load_address>0xc22</load_address>
         <run_address>0xc22</run_address>
         <size>0x92</size>
         <input_file_ref idref="fl-c2"/>
      </object_component>
      <object_component id="oc-45">
         <name>.debug_line</name>
         <load_address>0xcb4</load_address>
         <run_address>0xcb4</run_address>
         <size>0x56</size>
         <input_file_ref idref="fl-c2"/>
      </object_component>
      <object_component id="oc-89">
         <name>.debug_line</name>
         <load_address>0xd0a</load_address>
         <run_address>0xd0a</run_address>
         <size>0x34</size>
         <input_file_ref idref="fl-c2"/>
      </object_component>
      <object_component id="oc-bb">
         <name>.debug_line</name>
         <load_address>0xd3e</load_address>
         <run_address>0xd3e</run_address>
         <size>0x92</size>
         <input_file_ref idref="fl-c2"/>
      </object_component>
      <object_component id="oc-84">
         <name>.debug_line</name>
         <load_address>0xdd0</load_address>
         <run_address>0xdd0</run_address>
         <size>0x20</size>
         <input_file_ref idref="fl-c3"/>
      </object_component>
      <object_component id="oc-1b">
         <name>.debug_line</name>
         <load_address>0xdf0</load_address>
         <run_address>0xdf0</run_address>
         <size>0x55</size>
         <input_file_ref idref="fl-c3"/>
      </object_component>
      <object_component id="oc-41">
         <name>.debug_line</name>
         <load_address>0xe45</load_address>
         <run_address>0xe45</run_address>
         <size>0x3a</size>
         <input_file_ref idref="fl-c3"/>
      </object_component>
      <object_component id="oc-81">
         <name>.debug_line</name>
         <load_address>0xe7f</load_address>
         <run_address>0xe7f</run_address>
         <size>0x92</size>
         <input_file_ref idref="fl-c3"/>
      </object_component>
      <object_component id="oc-b7">
         <name>.debug_line</name>
         <load_address>0xf11</load_address>
         <run_address>0xf11</run_address>
         <size>0x20</size>
         <input_file_ref idref="fl-c4"/>
      </object_component>
      <object_component id="oc-14">
         <name>.debug_line</name>
         <load_address>0xf31</load_address>
         <run_address>0xf31</run_address>
         <size>0xa9</size>
         <input_file_ref idref="fl-c4"/>
      </object_component>
      <object_component id="oc-31">
         <name>.debug_line</name>
         <load_address>0xfda</load_address>
         <run_address>0xfda</run_address>
         <size>0x3a</size>
         <input_file_ref idref="fl-c4"/>
      </object_component>
      <object_component id="oc-b4">
         <name>.debug_line</name>
         <load_address>0x1014</load_address>
         <run_address>0x1014</run_address>
         <size>0x9a</size>
         <input_file_ref idref="fl-c4"/>
      </object_component>
      <object_component id="oc-7a">
         <name>.debug_line</name>
         <load_address>0x10ae</load_address>
         <run_address>0x10ae</run_address>
         <size>0x96</size>
         <input_file_ref idref="fl-c4"/>
      </object_component>
      <object_component id="oc-215">
         <name>.debug_line</name>
         <load_address>0x1144</load_address>
         <run_address>0x1144</run_address>
         <size>0x20</size>
         <input_file_ref idref="fl-c5"/>
      </object_component>
      <object_component id="oc-12d">
         <name>.debug_line</name>
         <load_address>0x1164</load_address>
         <run_address>0x1164</run_address>
         <size>0xad</size>
         <input_file_ref idref="fl-c5"/>
      </object_component>
      <object_component id="oc-217">
         <name>.debug_line</name>
         <load_address>0x1211</load_address>
         <run_address>0x1211</run_address>
         <size>0x20</size>
         <input_file_ref idref="fl-c6"/>
      </object_component>
      <object_component id="oc-12f">
         <name>.debug_line</name>
         <load_address>0x1231</load_address>
         <run_address>0x1231</run_address>
         <size>0xa8</size>
         <input_file_ref idref="fl-c6"/>
      </object_component>
      <object_component id="oc-19b">
         <name>.debug_line</name>
         <load_address>0x12d9</load_address>
         <run_address>0x12d9</run_address>
         <size>0x20</size>
         <input_file_ref idref="fl-c7"/>
      </object_component>
      <object_component id="oc-cb">
         <name>.debug_line</name>
         <load_address>0x12f9</load_address>
         <run_address>0x12f9</run_address>
         <size>0xb2</size>
         <input_file_ref idref="fl-c7"/>
      </object_component>
      <object_component id="oc-69">
         <name>.debug_line</name>
         <load_address>0x13ab</load_address>
         <run_address>0x13ab</run_address>
         <size>0x33</size>
         <input_file_ref idref="fl-c8"/>
      </object_component>
      <object_component id="oc-57">
         <name>.debug_line</name>
         <load_address>0x13de</load_address>
         <run_address>0x13de</run_address>
         <size>0x45</size>
         <input_file_ref idref="fl-c8"/>
      </object_component>
      <object_component id="oc-29d">
         <name>.debug_line</name>
         <load_address>0x1423</load_address>
         <run_address>0x1423</run_address>
         <size>0x264</size>
         <input_file_ref idref="fl-c9"/>
      </object_component>
      <object_component id="oc-1d0">
         <name>.debug_line</name>
         <load_address>0x1687</load_address>
         <run_address>0x1687</run_address>
         <size>0x7a</size>
         <input_file_ref idref="fl-c9"/>
      </object_component>
      <object_component id="oc-261">
         <name>.debug_line</name>
         <load_address>0x1701</load_address>
         <run_address>0x1701</run_address>
         <size>0x51</size>
         <input_file_ref idref="fl-c9"/>
      </object_component>
      <object_component id="oc-267">
         <name>.debug_line</name>
         <load_address>0x1752</load_address>
         <run_address>0x1752</run_address>
         <size>0x88</size>
         <input_file_ref idref="fl-c9"/>
      </object_component>
      <object_component id="oc-1db">
         <name>.debug_line</name>
         <load_address>0x17da</load_address>
         <run_address>0x17da</run_address>
         <size>0x14d</size>
         <input_file_ref idref="fl-c9"/>
      </object_component>
      <object_component id="oc-26e">
         <name>.debug_line</name>
         <load_address>0x1927</load_address>
         <run_address>0x1927</run_address>
         <size>0xee</size>
         <input_file_ref idref="fl-c9"/>
      </object_component>
      <object_component id="oc-277">
         <name>.debug_line</name>
         <load_address>0x1a15</load_address>
         <run_address>0x1a15</run_address>
         <size>0x5d</size>
         <input_file_ref idref="fl-c9"/>
      </object_component>
      <object_component id="oc-1e5">
         <name>.debug_line</name>
         <load_address>0x1a72</load_address>
         <run_address>0x1a72</run_address>
         <size>0x5c</size>
         <input_file_ref idref="fl-c9"/>
      </object_component>
      <object_component id="oc-1ea">
         <name>.debug_line</name>
         <load_address>0x1ace</load_address>
         <run_address>0x1ace</run_address>
         <size>0xae</size>
         <input_file_ref idref="fl-c9"/>
      </object_component>
      <object_component id="oc-1f0">
         <name>.debug_line</name>
         <load_address>0x1b7c</load_address>
         <run_address>0x1b7c</run_address>
         <size>0x1b0</size>
         <input_file_ref idref="fl-c9"/>
      </object_component>
      <object_component id="oc-17a">
         <name>.debug_line</name>
         <load_address>0x1d2c</load_address>
         <run_address>0x1d2c</run_address>
         <size>0x777</size>
         <input_file_ref idref="fl-c9"/>
      </object_component>
      <object_component id="oc-209">
         <name>.debug_line</name>
         <load_address>0x24a3</load_address>
         <run_address>0x24a3</run_address>
         <size>0x92</size>
         <input_file_ref idref="fl-c9"/>
      </object_component>
      <object_component id="oc-2a1">
         <name>.debug_line</name>
         <load_address>0x2535</load_address>
         <run_address>0x2535</run_address>
         <size>0x92</size>
         <input_file_ref idref="fl-c9"/>
      </object_component>
      <object_component id="oc-2e0">
         <name>.debug_line</name>
         <load_address>0x25c7</load_address>
         <run_address>0x25c7</run_address>
         <size>0x9a</size>
         <input_file_ref idref="fl-c9"/>
      </object_component>
      <object_component id="oc-2a6">
         <name>.debug_line</name>
         <load_address>0x2661</load_address>
         <run_address>0x2661</run_address>
         <size>0x97</size>
         <input_file_ref idref="fl-c9"/>
      </object_component>
      <object_component id="oc-20e">
         <name>.debug_line</name>
         <load_address>0x26f8</load_address>
         <run_address>0x26f8</run_address>
         <size>0x2e</size>
         <input_file_ref idref="fl-c9"/>
      </object_component>
      <object_component id="oc-2e8">
         <name>.debug_line</name>
         <load_address>0x2726</load_address>
         <run_address>0x2726</run_address>
         <size>0x20</size>
         <input_file_ref idref="fl-ca"/>
      </object_component>
      <object_component id="oc-280">
         <name>.debug_line</name>
         <load_address>0x2746</load_address>
         <run_address>0x2746</run_address>
         <size>0x5e</size>
         <input_file_ref idref="fl-ca"/>
      </object_component>
      <object_component id="oc-2ec">
         <name>.debug_line</name>
         <load_address>0x27a4</load_address>
         <run_address>0x27a4</run_address>
         <size>0x9a</size>
         <input_file_ref idref="fl-ca"/>
      </object_component>
      <object_component id="oc-2c4">
         <name>.debug_line</name>
         <load_address>0x283e</load_address>
         <run_address>0x283e</run_address>
         <size>0x97</size>
         <input_file_ref idref="fl-ca"/>
      </object_component>
      <object_component id="oc-2f0">
         <name>.debug_line</name>
         <load_address>0x28d5</load_address>
         <run_address>0x28d5</run_address>
         <size>0x9b</size>
         <input_file_ref idref="fl-cb"/>
      </object_component>
      <object_component id="oc-285">
         <name>.debug_line</name>
         <load_address>0x2970</load_address>
         <run_address>0x2970</run_address>
         <size>0x9c</size>
         <input_file_ref idref="fl-cb"/>
      </object_component>
      <object_component id="oc-236">
         <name>.debug_line</name>
         <load_address>0x2a0c</load_address>
         <run_address>0x2a0c</run_address>
         <size>0x81</size>
         <input_file_ref idref="fl-cc"/>
      </object_component>
      <object_component id="oc-90">
         <name>.debug_line</name>
         <load_address>0x2a8d</load_address>
         <run_address>0x2a8d</run_address>
         <size>0x79</size>
         <input_file_ref idref="fl-cd"/>
      </object_component>
      <object_component id="oc-25d">
         <name>.debug_line</name>
         <load_address>0x2b06</load_address>
         <run_address>0x2b06</run_address>
         <size>0xd2</size>
         <input_file_ref idref="fl-ce"/>
      </object_component>
      <object_component id="oc-1d9">
         <name>.debug_line</name>
         <load_address>0x2bd8</load_address>
         <run_address>0x2bd8</run_address>
         <size>0x77</size>
         <input_file_ref idref="fl-cf"/>
      </object_component>
      <object_component id="oc-247">
         <name>.debug_line</name>
         <load_address>0x2c4f</load_address>
         <run_address>0x2c4f</run_address>
         <size>0x77</size>
         <input_file_ref idref="fl-cf"/>
      </object_component>
      <object_component id="oc-245">
         <name>.debug_line</name>
         <load_address>0x2cc6</load_address>
         <run_address>0x2cc6</run_address>
         <size>0xa8</size>
         <input_file_ref idref="fl-d0"/>
      </object_component>
      <object_component id="oc-23d">
         <name>.debug_line</name>
         <load_address>0x2d6e</load_address>
         <run_address>0x2d6e</run_address>
         <size>0x8e</size>
         <input_file_ref idref="fl-d1"/>
      </object_component>
      <object_component id="oc-24f">
         <name>.debug_line</name>
         <load_address>0x2dfc</load_address>
         <run_address>0x2dfc</run_address>
         <size>0x5a</size>
         <input_file_ref idref="fl-d2"/>
      </object_component>
      <object_component id="oc-257">
         <name>.debug_line</name>
         <load_address>0x2e56</load_address>
         <run_address>0x2e56</run_address>
         <size>0x50</size>
         <input_file_ref idref="fl-d3"/>
      </object_component>
      <object_component id="oc-1b7">
         <name>.debug_line</name>
         <load_address>0x2ea6</load_address>
         <run_address>0x2ea6</run_address>
         <size>0xbf</size>
         <input_file_ref idref="fl-d4"/>
      </object_component>
      <object_component id="oc-e9">
         <name>.debug_line</name>
         <load_address>0x2f65</load_address>
         <run_address>0x2f65</run_address>
         <size>0x6f</size>
         <input_file_ref idref="fl-d4"/>
      </object_component>
      <object_component id="oc-1bb">
         <name>.debug_line</name>
         <load_address>0x2fd4</load_address>
         <run_address>0x2fd4</run_address>
         <size>0x2e</size>
         <input_file_ref idref="fl-d4"/>
      </object_component>
      <object_component id="oc-227">
         <name>.debug_line</name>
         <load_address>0x3002</load_address>
         <run_address>0x3002</run_address>
         <size>0x9a</size>
         <input_file_ref idref="fl-d4"/>
      </object_component>
      <object_component id="oc-1c0">
         <name>.debug_line</name>
         <load_address>0x309c</load_address>
         <run_address>0x309c</run_address>
         <size>0x97</size>
         <input_file_ref idref="fl-d4"/>
      </object_component>
      <object_component id="oc-1c5">
         <name>.debug_line</name>
         <load_address>0x3133</load_address>
         <run_address>0x3133</run_address>
         <size>0x93</size>
         <input_file_ref idref="fl-d4"/>
      </object_component>
      <object_component id="oc-97">
         <name>.debug_line</name>
         <load_address>0x31c6</load_address>
         <run_address>0x31c6</run_address>
         <size>0x40</size>
         <input_file_ref idref="fl-d5"/>
      </object_component>
      <object_component id="oc-e0">
         <name>.debug_line</name>
         <load_address>0x3206</load_address>
         <run_address>0x3206</run_address>
         <size>0x3c</size>
         <input_file_ref idref="fl-d7"/>
      </object_component>
      <object_component id="oc-2ac">
         <name>.debug_line</name>
         <load_address>0x3242</load_address>
         <run_address>0x3242</run_address>
         <size>0x91</size>
         <input_file_ref idref="fl-da"/>
      </object_component>
      <object_component id="oc-1cc">
         <name>.debug_line</name>
         <load_address>0x32d3</load_address>
         <run_address>0x32d3</run_address>
         <size>0x63</size>
         <input_file_ref idref="fl-da"/>
      </object_component>
      <object_component id="oc-2e3">
         <name>.debug_line</name>
         <load_address>0x3336</load_address>
[...]
         <name>SEGMENT_0</name>
         <load_address>0x0</load_address>
         <run_address>0x0</run_address>
         <size>0x2938</size>
         <flags>0x5</flags>
         <contents>
            <logical_group_ref idref="lg-3"/>
            <logical_group_ref idref="lg-4"/>
            <logical_group_ref idref="lg-5"/>
            <logical_group_ref idref="lg-6"/>
         </contents>
      </load_segment>
      <load_segment id="lg-32a" display="no" color="cyan">
         <name>SEGMENT_1</name>
         <run_address>0x20000000</run_address>
         <size>0x12cd</size>
         <flags>0x6</flags>
         <contents>
            <logical_group_ref idref="lg-9"/>
            <logical_group_ref idref="lg-d"/>
            <logical_group_ref idref="lg-b"/>
            <logical_group_ref idref="lg-a"/>
         </contents>
      </load_segment>
   </logical_group_list>
   <placement_map>
      <memory_area display="yes" color="green">
         <name>FLASH</name>
         <page_id>0x0</page_id>
         <origin>0x0</origin>
         <length>0x40000</length>
         <used_space>0x2934</used_space>
         <unused_space>0x3d6cc</unused_space>
         <attributes>RX</attributes>
         <usage_details>
            <allocated_space>
               <start_address>0x0</start_address>
               <size>0x26c</size>
               <logical_group_ref idref="lg-3"/>
            </allocated_space>
            <allocated_space>
               <start_address>0x26c</start_address>
               <size>0x250c</size>
               <logical_group_ref idref="lg-4"/>
            </allocated_space>
            <allocated_space>
               <start_address>0x2778</start_address>
               <size>0x17c</size>
               <logical_group_ref idref="lg-5"/>
            </allocated_space>
            <available_space>
               <start_address>0x28f4</start_address>
               <size>0x4</size>
            </available_space>
            <allocated_space>
               <start_address>0x28f8</start_address>
               <size>0x40</size>
               <logical_group_ref idref="lg-6"/>
            </allocated_space>
            <available_space>
               <start_address>0x2938</start_address>
               <size>0x3d6c8</size>
            </available_space>
         </usage_details>
      </memory_area>
      <memory_area display="yes" color="green">
         <name>SRAM</name>
         <page_id>0x0</page_id>
         <origin>0x20000000</origin>
         <length>0x8000</length>
         <used_space>0x12c9</used_space>
         <unused_space>0x6d37</unused_space>
         <attributes>RWX</attributes>
         <usage_details>
            <allocated_space>
               <start_address>0x20000000</start_address>
               <size>0x26c</size>
               <logical_group_ref idref="lg-9"/>
            </allocated_space>
            <available_space>
               <start_address>0x2000026c</start_address>
               <size>0x4</size>
            </available_space>
            <allocated_space>
               <start_address>0x20000270</start_address>
               <size>0x1000</size>
               <logical_group_ref idref="lg-d"/>
            </allocated_space>
            <allocated_space>
               <start_address>0x20001270</start_address>
               <size>0x58</size>
               <logical_group_ref idref="lg-b"/>
            </allocated_space>
            <allocated_space>
               <start_address>0x200012c8</start_address>
               <size>0x5</size>
               <logical_group_ref idref="lg-a"/>
            </allocated_space>
            <available_space>
               <start_address>0x200012cd</start_address>
               <size>0x6d33</size>
            </available_space>
         </usage_details>
      </memory_area>
   </placement_map>
   <cptbl_list>
      <cptbl>
         <name>__TI_cinit_table</name>
         <cprec>
            <name>.bss</name>
            <load_address>0x2908</load_address>
            <load_size>0x8</load_size>
            <run_address>0x20001270</run_address>
            <run_size>0x58</run_size>
            <compression>zero_init</compression>
         </cprec>
         <cprec>
            <name>.vtable</name>
            <load_address>0x2910</load_address>
            <load_size>0x8</load_size>
            <run_address>0x20000000</run_address>
            <run_size>0x26c</run_size>
            <compression>zero_init</compression>
         </cprec>
         <cprec>
            <name>.data</name>
            <load_address>0x2918</load_address>
            <load_size>0x7</load_size>
            <run_address>0x200012c8</run_address>
            <run_size>0x5</run_size>
            <compression>lzss</compression>
         </cprec>
      </cptbl>
   </cptbl_list>
   <handler_table>
      <handler_table_name>__TI_handler_table</handler_table_name>
      <handler>
         <index>0x0</index>
         <name>__TI_zero_init</name>
      </handler>
      <handler>
         <index>0x1</index>
         <name>__TI_decompress_lzss</name>
      </handler>
      <handler>
         <index>0x2</index>
         <name>__TI_decompress_none</name>
      </handler>
   </handler_table>
   <symbol_table>
      <symbol id="sm-1">
         <name>__STACK_TOP</name>
         <value>0x20000470</value>
      </symbol>
      <symbol id="sm-2">
         <name>__TI_CINIT_Base</name>
         <value>0x2920</value>
      </symbol>
      <symbol id="sm-3">
         <name>__TI_CINIT_Limit</name>
         <value>0x2938</value>
      </symbol>
      <symbol id="sm-4">
         <name>__TI_Handler_Table_Base</name>
         <value>0x28f8</value>
      </symbol>
      <symbol id="sm-5">
         <name>__TI_Handler_Table_Limit</name>
         <value>0x2904</value>
      </symbol>
      <symbol id="sm-6">
         <name>binit</name>
         <value>0xffffffff</value>
      </symbol>
      <symbol id="sm-7">
         <name>__binit__</name>
         <value>0xffffffff</value>
      </symbol>
      <symbol id="sm-8">
         <name>__STACK_SIZE</name>
         <value>0x1000</value>
      </symbol>
      <symbol id="sm-9">
         <name>__STACK_END</name>
         <value>0x20001270</value>
      </symbol>
      <symbol id="sm-a">
         <name>__c_args__</name>
         <value>0xffffffff</value>
      </symbol>
      <symbol id="sm-b">
         <name>__TI_pprof_out_hndl</name>
         <value>0xffffffff</value>
      </symbol>
      <symbol id="sm-c">
         <name>__TI_prof_data_start</name>
         <value>0xffffffff</value>
      </symbol>
      <symbol id="sm-d">
         <name>__TI_prof_data_size</name>
         <value>0xffffffff</value>
      </symbol>
      <symbol id="sm-72">
         <name>_timeout_ticks</name>
         <value>0x200012c4</value>
      </symbol>
      <symbol id="sm-73">
         <name>timer_pause</name>
         <value>0x12f7</value>
         <object_component_ref idref="oc-cd"/>
      </symbol>
      <symbol id="sm-74">
         <name>timer_resume</name>
         <value>0x1309</value>
         <object_component_ref idref="oc-cd"/>
      </symbol>
      <symbol id="sm-75">
         <name>timer_getMillis</name>
         <value>0x131b</value>
         <object_component_ref idref="oc-cd"/>
      </symbol>
      <symbol id="sm-76">
         <name>_running</name>
         <value>0x200012cc</value>
         <object_component_ref idref="oc-146"/>
      </symbol>
      <symbol id="sm-77">
         <name>timer_init</name>
         <value>0x1255</value>
         <object_component_ref idref="oc-cd"/>
      </symbol>
      <symbol id="sm-78">
         <name>timer_stop</name>
         <value>0x12cd</value>
         <object_component_ref idref="oc-cd"/>
      </symbol>
      <symbol id="sm-79">
         <name>timer_getMicros</name>
         <value>0x1373</value>
         <object_component_ref idref="oc-cd"/>
      </symbol>
      <symbol id="sm-7a">
         <name>timer_waitMillis</name>
         <value>0x1401</value>
         <object_component_ref idref="oc-cd"/>
      </symbol>
      <symbol id="sm-7b">
         <name>timer_waitMicros</name>
         <value>0x13cd</value>
         <object_component_ref idref="oc-cd"/>
      </symbol>
      <symbol id="sm-ac">
         <name>printBanner</name>
         <value>0x1dc9</value>
         <object_component_ref idref="oc-98"/>
      </symbol>
      <symbol id="sm-ad">
         <name>main</name>
         <value>0x1e7f</value>
         <object_component_ref idref="oc-98"/>
      </symbol>
      <symbol id="sm-ea">
         <name>lcd_sendCommand</name>
         <value>0xe0f</value>
         <object_component_ref idref="oc-c1"/>
      </symbol>
      <symbol id="sm-eb">
         <name>lcd_sendNibble</name>
         <value>0xe4d</value>
         <object_component_ref idref="oc-c1"/>
      </symbol>
      <symbol id="sm-ec">
         <name>lcd_clear</name>
         <value>0x273d</value>
         <object_component_ref idref="oc-11b"/>
      </symbol>
      <symbol id="sm-ed">
         <name>lcd_printf</name>
         <value>0xef7</value>
         <object_component_ref idref="oc-c1"/>
      </symbol>
      <symbol id="sm-ee">
         <name>lcd_setCursorPos</name>
         <value>0xeb9</value>
         <object_component_ref idref="oc-c1"/>
      </symbol>
      <symbol id="sm-ef">
         <name>lcd_init</name>
         <value>0xcf9</value>
         <object_component_ref idref="oc-c1"/>
      </symbol>
      <symbol id="sm-f0">
         <name>lcd_puts</name>
         <value>0xdf1</value>
         <object_component_ref idref="oc-c1"/>
      </symbol>
      <symbol id="sm-f1">
         <name>lcd_putc</name>
         <value>0xdb9</value>
         <object_component_ref idref="oc-c1"/>
      </symbol>
      <symbol id="sm-f2">
         <name>lcd_reverseNibble</name>
         <value>0xcbd</value>
         <object_component_ref idref="oc-c1"/>
      </symbol>
      <symbol id="sm-f3">
         <name>lcd_gotoLine</name>
         <value>0xe91</value>
         <object_component_ref idref="oc-c1"/>
      </symbol>
      <symbol id="sm-10f">
         <name>ResetISR</name>
         <value>0x275b</value>
         <object_component_ref idref="oc-24"/>
      </symbol>
      <symbol id="sm-110">
         <name>g_pfnVectors</name>
         <value>0x0</value>
         <object_component_ref idref="oc-f"/>
      </symbol>
      <symbol id="sm-13f">
         <name>vsnprintf</name>
         <value>0x2525</value>
         <object_component_ref idref="oc-122"/>
      </symbol>
      <symbol id="sm-15a">
         <name>memcpy</name>
         <value>0x1f5f</value>
         <object_component_ref idref="oc-38"/>
      </symbol>
      <symbol id="sm-15b">
         <name>__aeabi_memcpy</name>
         <value>0x1f5f</value>
         <object_component_ref idref="oc-38"/>
      </symbol>
      <symbol id="sm-15c">
         <name>__aeabi_memcpy8</name>
         <value>0x1f5f</value>
         <object_component_ref idref="oc-38"/>
      </symbol>
      <symbol id="sm-15d">
         <name>__aeabi_memcpy4</name>
         <value>0x1f5f</value>
         <object_component_ref idref="oc-38"/>
      </symbol>
      <symbol id="sm-176">
         <name>__TI_zero_init_nomemset</name>
         <value>0x266b</value>
         <object_component_ref idref="oc-44"/>
      </symbol>
      <symbol id="sm-18d">
         <name>__TI_decompress_none</name>
         <value>0x274d</value>
         <object_component_ref idref="oc-18"/>
      </symbol>
      <symbol id="sm-1b0">
         <name>__TI_decompress_lzss</name>
         <value>0x2285</value>
         <object_component_ref idref="oc-12"/>
      </symbol>
      <symbol id="sm-1bf">
         <name>strcmp</name>
         <value>0x26d5</value>
         <object_component_ref idref="oc-128"/>
      </symbol>
      <symbol id="sm-1cd">
         <name>strcpy</name>
         <value>0x2703</value>
         <object_component_ref idref="oc-12e"/>
      </symbol>
      <symbol id="sm-1db">
         <name>strlen</name>
         <value>0x2717</value>
         <object_component_ref idref="oc-c7"/>
      </symbol>
      <symbol id="sm-1ee">
         <name>__stack</name>
         <value>0x20000270</value>
         <object_component_ref idref="oc-21"/>
      </symbol>
      <symbol id="sm-1ef">
         <name>_c_int00_noargs</name>
         <value>0x25d9</value>
         <object_component_ref idref="oc-56"/>
      </symbol>
      <symbol id="sm-354">
         <name>__TI_printfi</name>
         <value>0x26d</value>
         <object_component_ref idref="oc-176"/>
      </symbol>
      <symbol id="sm-374">
         <name>frexpl</name>
         <value>0x22ed</value>
         <object_component_ref idref="oc-27b"/>
      </symbol>
      <symbol id="sm-375">
         <name>frexp</name>
         <value>0x22ed</value>
         <object_component_ref idref="oc-27b"/>
      </symbol>
      <symbol id="sm-392">
         <name>scalbn</name>
         <value>0x1bbd</value>
         <object_component_ref idref="oc-281"/>
      </symbol>
      <symbol id="sm-393">
         <name>scalbnl</name>
         <value>0x1bbd</value>
         <object_component_ref idref="oc-281"/>
      </symbol>
      <symbol id="sm-394">
         <name>ldexpl</name>
         <value>0x1bbd</value>
         <object_component_ref idref="oc-281"/>
      </symbol>
      <symbol id="sm-395">
         <name>ldexp</name>
         <value>0x1bbd</value>
         <object_component_ref idref="oc-281"/>
      </symbol>
      <symbol id="sm-3a2">
         <name>__aeabi_uldivmod</name>
         <value>0x1ffb</value>
         <object_component_ref idref="oc-235"/>
      </symbol>
      <symbol id="sm-3b1">
         <name>__aeabi_memset</name>
         <value>0x219f</value>
         <object_component_ref idref="oc-8c"/>
      </symbol>
      <symbol id="sm-3b2">
         <name>memset</name>
         <value>0x21a5</value>
         <object_component_ref idref="oc-8c"/>
      </symbol>
      <symbol id="sm-3b3">
         <name>__aeabi_memset8</name>
         <value>0x219f</value>
         <object_component_ref idref="oc-8c"/>
      </symbol>
      <symbol id="sm-3b4">
         <name>__aeabi_memset4</name>
         <value>0x219f</value>
         <object_component_ref idref="oc-8c"/>
      </symbol>
      <symbol id="sm-3b5">
         <name>__aeabi_memclr8</name>
         <value>0x219d</value>
         <object_component_ref idref="oc-8c"/>
      </symbol>
      <symbol id="sm-3b6">
         <name>__aeabi_memclr4</name>
         <value>0x219d</value>
         <object_component_ref idref="oc-8c"/>
      </symbol>
      <symbol id="sm-3b7">
         <name>__aeabi_memclr</name>
         <value>0x219d</value>
         <object_component_ref idref="oc-8c"/>
      </symbol>
      <symbol id="sm-3ce">
         <name>__aeabi_dsub</name>
         <value>0x166d</value>
         <object_component_ref idref="oc-25b"/>
      </symbol>
      <symbol id="sm-3cf">
         <name>__aeabi_dadd</name>
         <value>0x1677</value>
         <object_component_ref idref="oc-25b"/>
      </symbol>
      <symbol id="sm-3f1">
         <name>__aeabi_cdcmpeq</name>
         <value>0x2091</value>
         <object_component_ref idref="oc-1d5"/>
      </symbol>
      <symbol id="sm-3f2">
         <name>__aeabi_cdcmple</name>
         <value>0x2091</value>
         <object_component_ref idref="oc-1d5"/>
      </symbol>
      <symbol id="sm-3f3">
         <name>__aeabi_cdrcmple</name>
         <value>0x2117</value>
         <object_component_ref idref="oc-246"/>
      </symbol>
      <symbol id="sm-407">
         <name>__aeabi_ddiv</name>
         <value>0x1961</value>
         <object_component_ref idref="oc-241"/>
      </symbol>
      <symbol id="sm-412">
         <name>__aeabi_dmul</name>
         <value>0x1ccd</value>
         <object_component_ref idref="oc-23c"/>
      </symbol>
      <symbol id="sm-41c">
         <name>__aeabi_d2iz</name>
         <value>0x2499</value>
         <object_component_ref idref="oc-24b"/>
      </symbol>
      <symbol id="sm-426">
         <name>__aeabi_i2d</name>
         <value>0x263d</value>
         <object_component_ref idref="oc-256"/>
      </symbol>
      <symbol id="sm-44e">
         <name>__TI_auto_init_nobinit_nopinit</name>
         <value>0x24e1</value>
         <object_component_ref idref="oc-e7"/>
      </symbol>
      <symbol id="sm-458">
         <name>_system_pre_init</name>
         <value>0x2771</value>
         <object_component_ref idref="oc-92"/>
      </symbol>
      <symbol id="sm-464">
         <name>C$$EXIT</name>
         <value>0x2775</value>
         <object_component_ref idref="oc-db"/>
      </symbol>
      <symbol id="sm-465">
         <name>abort</name>
         <value>0x2775</value>
         <object_component_ref idref="oc-db"/>
      </symbol>
      <symbol id="sm-47d">
         <name>atoi</name>
         <value>0x244d</value>
         <object_component_ref idref="oc-1c9"/>
      </symbol>
      <symbol id="sm-488">
         <name>_ctypes_</name>
         <value>0x2778</value>
         <object_component_ref idref="oc-230"/>
      </symbol>
      <symbol id="sm-497">
         <name>ltoa</name>
         <value>0x23a7</value>
         <object_component_ref idref="oc-250"/>
      </symbol>
      <symbol id="sm-4a7">
         <name>memccpy</name>
         <value>0x2687</value>
         <object_component_ref idref="oc-1f2"/>
      </symbol>
      <symbol id="sm-4b7">
         <name>strchr</name>
         <value>0x26ed</value>
         <object_component_ref idref="oc-287"/>
      </symbol>
      <symbol id="sm-4cd">
         <name>__aeabi_errno_addr</name>
         <value>0x2769</value>
         <object_component_ref idref="oc-1fe"/>
      </symbol>
      <symbol id="sm-4ce">
         <name>errno</name>
         <value>0x200012c8</value>
         <object_component_ref idref="oc-297"/>
      </symbol>
      <symbol id="sm-4e7">
         <name>wcslen</name>
         <value>0x272b</value>
         <object_component_ref idref="oc-1f8"/>
      </symbol>
      <symbol id="sm-4f1">
         <name>copysign</name>
         <value>0x26a3</value>
         <object_component_ref idref="oc-2c6"/>
      </symbol>
      <symbol id="sm-4f2">
         <name>copysignl</name>
         <value>0x26a3</value>
         <object_component_ref idref="oc-2c6"/>
      </symbol>
      <symbol id="sm-4fc">
         <name>__aeabi_idiv0</name>
         <value>0xcbb</value>
         <object_component_ref idref="oc-2ad"/>
      </symbol>
      <symbol id="sm-4fd">
         <name>__aeabi_ldiv0</name>
         <value>0xcbb</value>
         <object_component_ref idref="oc-2ad"/>
      </symbol>
      <symbol id="sm-51e">
         <name>IntRegister</name>
         <value>0x25a5</value>
         <object_component_ref idref="oc-140"/>
      </symbol>
      <symbol id="sm-51f">
         <name>g_pfnRAMVectors</name>
         <value>0x20000000</value>
         <object_component_ref idref="oc-19c"/>
      </symbol>
      <symbol id="sm-521">
         <name>__TI_static_base__</name>
         <value>0x0</value>
      </symbol>
      <symbol id="sm-524">
         <name>__mpu_init</name>
         <value>0x0</value>
      </symbol>
      <symbol id="sm-525">
         <name>_system_post_cinit</name>
         <value>0x0</value>
      </symbol>
   </symbol_table>
   <title>Link successful</title>
</link_info>
