******************************************************************************
                  TI ARM Linker PC v18.12.2                    
******************************************************************************
>> Linked Wed Feb 12 15:35:49 2020

OUTPUT FILE NAME:   <Lab4.out>
ENTRY POINT SYMBOL: "_c_int00_noargs"  address: 00002ce5


MEMORY CONFIGURATION

         name            origin    length      used     unused   attr    fill
----------------------  --------  ---------  --------  --------  ----  --------
  FLASH                 00000000   00040000  00002fe9  0003d017  R  X
  SRAM                  20000000   00008000  00002313  00005ced  RW X


SEGMENT ALLOCATION MAP

run origin  load origin   length   init length attrs members
----------  ----------- ---------- ----------- ----- -------
00000000    00000000    00002ff0   00002ff0    r-x
  00000000    00000000    0000026c   0000026c    r-- .intvecs
  0000026c    0000026c    00002c34   00002c34    r-x .text
  00002ea0    00002ea0    00000109   00000109    r-- .const
  00002fb0    00002fb0    00000040   00000040    r-- .cinit
20000000    20000000    0000231a   00000000    rw-
  20000000    20000000    0000026c   00000000    rw- .vtable
  20000270    20000270    00001000   00000000    rw- .stack
  20001270    20001270    00001000   00000000    rw- .sysmem
  20002270    20002270    0000009d   00000000    rw- .bss
  20002310    20002310    0000000a   00000000    rw- .data


SECTION ALLOCATION MAP

 output                                  attributes/
section   page    origin      length       input sections
--------  ----  ----------  ----------   ----------------
.intvecs   0    00000000    0000026c     
                  00000000    0000026c     tm4c123gh6pm_startup_ccs.obj (.intvecs)

.text      0    0000026c    00002c34     
                  0000026c    00000a4e     rtsv7M4_T_le_v4SPD16_eabi.lib : _printfi.c.obj (.text:__TI_printfi)
                  00000cba    00000002                                   : div0.asm.obj (.text)
                  00000cbc    00000328     lcd.obj (.text)
                  00000fe4    000002a8     libcybotUART.lib : uart.obj (.text)
                  0000128c    00000270     rtsv7M4_T_le_v4SPD16_eabi.lib : _printfi.c.obj (.text:_pconv_a)
                  000014fc    00000248     Timer.obj (.text)
                  00001744    000001d0     rtsv7M4_T_le_v4SPD16_eabi.lib : _printfi.c.obj (.text:_pconv_g)
                  00001914    000001bc     libcybotScan.lib : ping.obj (.text)
                  00001ad0    000001b6     rtsv7M4_T_le_v4SPD16_eabi.lib : fd_add_t2.asm.obj (.text)
                  00001c86    00000002     --HOLE-- [fill = 0]
                  00001c88    0000013c                                   : _printfi.c.obj (.text:_pconv_e)
                  00001dc4    00000136                                   : fd_div_t2.asm.obj (.text)
                  00001efa    00000002     --HOLE-- [fill = 0]
                  00001efc    00000124                                   : _printfi.c.obj (.text:fcvt)
                  00002020    00000110                                   : s_scalbn.c.obj (.text:scalbn)
                  00002130    000000fc                                   : fd_mul_t2.asm.obj (.text)
                  0000222c    000000f0     lab4_template.obj (.text)
                  0000231c    000000dc     libcybotScan.lib : ir.obj (.text)
                  000023f8    000000c4                      : servo.obj (.text)
                  000024bc    000000b1     rtsv7M4_T_le_v4SPD16_eabi.lib : _printfi.c.obj (.text:_ltostr)
                  0000256d    00000003     --HOLE-- [fill = 0]
                  00002570    000000b0     button.obj (.text)
                  00002620    0000009c     rtsv7M4_T_le_v4SPD16_eabi.lib : memcpy_t2.asm.obj (.text)
                  000026bc    00000096                                   : ull_div_t2.asm.obj (.text)
                  00002752    00000086                                   : fd_cmp_t2.asm.obj (.text:__aeabi_cdcmple)
                  000027d8    00000086                                   : fd_cmp_t2.asm.obj (.text:__aeabi_cdrcmple)
                  0000285e    0000007a                                   : memset_t2.asm.obj (.text)
                  000028d8    0000006e                                   : _printfi.c.obj (.text:_mcpy)
                  00002946    00000068                                   : copy_decompress_lzss.c.obj (.text:decompress:lzss:__TI_decompress_lzss)
                  000029ae    00000002     --HOLE-- [fill = 0]
                  000029b0    00000064                                   : s_frexp.c.obj (.text:frexp)
                  00002a14    00000056                                   : _printfi.c.obj (.text:_pconv_f)
                  00002a6a    00000054                                   : ltoa.c.obj (.text:ltoa)
                  00002abe    00000052                                   : _printfi.c.obj (.text:_ecpy)
                  00002b10    0000004c                                   : atoi.c.obj (.text:atoi)
                  00002b5c    00000048     libcybotScan.lib : cyBot_Scan.obj (.text)
                  00002ba4    00000048     rtsv7M4_T_le_v4SPD16_eabi.lib : fd_toi_t2.asm.obj (.text)
                  00002bec    00000044                                   : autoinit.c.obj (.text:__TI_auto_init_nobinit_nopinit:__TI_auto_init_nobinit_nopinit)
                  00002c30    00000040                                   : vsnprintf.c.obj (.text:vsnprintf)
                  00002c70    0000003e                                   : _printfi.c.obj (.text:_fcpy)
                  00002cae    00000002     --HOLE-- [fill = 0]
                  00002cb0    00000034     driverlib.lib : interrupt.obj (.text:IntRegister)
                  00002ce4    00000034     rtsv7M4_T_le_v4SPD16_eabi.lib : boot_cortex_m.c.obj (.text:_c_int00_noargs:_c_int00_noargs)
                  00002d18    00000030                                   : vsnprintf.c.obj (.text:_outs)
                  00002d48    0000002e                                   : i_tofd_t2.asm.obj (.text)
                  00002d76    0000001c                                   : copy_zero_init.c.obj (.text:decompress:ZI:__TI_zero_init_nomemset:__TI_zero_init_nomemset)
                  00002d92    0000001c                                   : memccpy.c.obj (.text:memccpy)
                  00002dae    0000001a                                   : s_copysign.c.obj (.text:copysign)
                  00002dc8    00000018                                   : vsnprintf.c.obj (.text:_outc)
                  00002de0    00000018                                   : strcmp.c.obj (.text:strcmp)
                  00002df8    00000016                                   : strchr.c.obj (.text:strchr)
                  00002e0e    00000014                                   : strcpy.c.obj (.text:strcpy)
                  00002e22    00000014                                   : strlen.c.obj (.text:strlen)
                  00002e36    00000012                                   : wcslen.c.obj (.text:wcslen)
                  00002e48    00000010     driverlib.lib : interrupt.obj (.text:IntMasterEnable)
                  00002e58    00000010     lcd.obj (.text:lcd_clear)
                  00002e68    0000000e     rtsv7M4_T_le_v4SPD16_eabi.lib : copy_decompress_none.c.obj (.text:decompress:none:__TI_decompress_none)
                  00002e76    0000000c     driverlib.lib : cpu.obj (.text:CPUcpsie)
                  00002e82    0000000c     tm4c123gh6pm_startup_ccs.obj (.text)
                  00002e8e    00000002     --HOLE-- [fill = 0]
                  00002e90    00000008     rtsv7M4_T_le_v4SPD16_eabi.lib : errno.c.obj (.text:__aeabi_errno_addr)
                  00002e98    00000004                                   : pre_init.c.obj (.text:_system_pre_init)
                  00002e9c    00000004                                   : exit.c.obj (.text:abort:abort)

.const     0    00002ea0    00000109     
                  00002ea0    00000101     rtsv7M4_T_le_v4SPD16_eabi.lib : ctype.c.obj (.const:.string:_ctypes_)
                  00002fa1    00000004     lcd.obj (.const:.string:lineAddress$1)
                  00002fa5    00000004     lcd.obj (.const:.string:lineAddresses$2)

.cinit     0    00002fb0    00000040     
                  00002fb0    0000000c     (__TI_handler_table)
                  00002fbc    00000004     --HOLE-- [fill = 0]
                  00002fc0    00000008     (.cinit..bss.load) [load image, compression = zero_init]
                  00002fc8    00000008     (.cinit..vtable.load) [load image, compression = zero_init]
                  00002fd0    00000007     (.cinit..data.load) [load image, compression = lzss]
                  00002fd7    00000001     --HOLE-- [fill = 0]
                  00002fd8    00000018     (__TI_cinit_table)

.init_array 
*          0    00000000    00000000     UNINITIALIZED

.vtable    0    20000000    0000026c     UNINITIALIZED
                  20000000    0000026c     driverlib.lib : interrupt.obj (.vtable)

.stack     0    20000270    00001000     UNINITIALIZED
                  20000270    00000004     rtsv7M4_T_le_v4SPD16_eabi.lib : boot_cortex_m.c.obj (.stack)
                  20000274    00000ffc     --HOLE--

.sysmem    0    20001270    00001000     UNINITIALIZED
                  20001270    00000010     rtsv7M4_T_le_v4SPD16_eabi.lib : memory.c.obj (.sysmem)
                  20001280    00000ff0     --HOLE--

.bss       0    20002270    0000009d     UNINITIALIZED
                  20002270    00000054     lcd.obj (.bss:lastbuffer$3)
                  200022c4    00000034     (.common:isr_char_buffer)
                  200022f8    00000004     (.common:_timeout_ticks)
                  200022fc    00000004     (.common:fallingEdge)
                  20002300    00000004     (.common:isr_int_value)
                  20002304    00000004     (.common:pulseLength)
                  20002308    00000004     (.common:risingEdge)
                  2000230c    00000001     (.common:isRisingEdge)

.data      0    20002310    0000000a     UNINITIALIZED
                  20002310    00000004     libcybotUART.lib : uart.obj (.data)
                  20002314    00000004     rtsv7M4_T_le_v4SPD16_eabi.lib : errno.c.obj (.data)
                  20002318    00000001     Timer.obj (.data)
                  20002319    00000001     button.obj (.data)

MODULE SUMMARY

       Module                         code    ro data   rw data
       ------                         ----    -------   -------
    .\
       lcd.obj                        824     8         84     
       tm4c123gh6pm_startup_ccs.obj   12      620       0      
       Timer.obj                      584     0         5      
       lab4_template.obj              240     0         0      
       button.obj                     176     0         1      
    +--+------------------------------+-------+---------+---------+
       Total:                         1836    628       90     
                                                               
    ../libcybotScan.lib
       ping.obj                       444     0         13     
       ir.obj                         220     0         4      
       servo.obj                      196     0         0      
       cyBot_Scan.obj                 72      0         0      
    +--+------------------------------+-------+---------+---------+
       Total:                         932     0         17     
                                                               
    ../libcybotUART.lib
       uart.obj                       680     0         56     
    +--+------------------------------+-------+---------+---------+
       Total:                         680     0         56     
                                                               
    C:/ti/TivaWare_C_Series-2.1.4.178/driverlib/ccs/Debug/driverlib.lib
       interrupt.obj                  68      0         620    
       cpu.obj                        12      0         0      
    +--+------------------------------+-------+---------+---------+
       Total:                         80      0         620    
                                                               
    C:\ti\ccs910\ccs\tools\compiler\ti-cgt-arm_18.12.2.LTS\lib\rtsv7M4_T_le_v4SPD16_eabi.lib
       _printfi.c.obj                 4851    0         0      
       fd_add_t2.asm.obj              438     0         0      
       fd_div_t2.asm.obj              310     0         0      
       s_scalbn.c.obj                 272     0         0      
       fd_cmp_t2.asm.obj              268     0         0      
       ctype.c.obj                    0       257       0      
       fd_mul_t2.asm.obj              252     0         0      
       memcpy_t2.asm.obj              156     0         0      
       ull_div_t2.asm.obj             150     0         0      
       vsnprintf.c.obj                136     0         0      
       memset_t2.asm.obj              122     0         0      
       copy_decompress_lzss.c.obj     104     0         0      
       s_frexp.c.obj                  100     0         0      
       ltoa.c.obj                     84      0         0      
       atoi.c.obj                     76      0         0      
       fd_toi_t2.asm.obj              72      0         0      
       autoinit.c.obj                 68      0         0      
       boot_cortex_m.c.obj            52      0         0      
       i_tofd_t2.asm.obj              46      0         0      
       copy_zero_init.c.obj           28      0         0      
       memccpy.c.obj                  28      0         0      
       s_copysign.c.obj               26      0         0      
       strcmp.c.obj                   24      0         0      
       strchr.c.obj                   22      0         0      
       strcpy.c.obj                   20      0         0      
       strlen.c.obj                   20      0         0      
       wcslen.c.obj                   18      0         0      
       copy_decompress_none.c.obj     14      0         0      
       errno.c.obj                    8       0         4      
       exit.c.obj                     4       0         0      
       pre_init.c.obj                 4       0         0      
       div0.asm.obj                   2       0         0      
    +--+------------------------------+-------+---------+---------+
       Total:                         7775    257       4      
                                                               
       Heap:                          0       0         4096   
       Stack:                         0       0         4096   
       Linker Generated:              0       59        0      
    +--+------------------------------+-------+---------+---------+
       Grand Total:                   11303   944       8979   


LINKER GENERATED COPY TABLES

__TI_cinit_table @ 00002fd8 records: 3, size/record: 8, table size: 24
	.bss: load addr=00002fc0, load size=00000008 bytes, run addr=20002270, run size=0000009d bytes, compression=zero_init
	.vtable: load addr=00002fc8, load size=00000008 bytes, run addr=20000000, run size=0000026c bytes, compression=zero_init
	.data: load addr=00002fd0, load size=00000007 bytes, run addr=20002310, run size=0000000a bytes, compression=lzss


LINKER GENERATED HANDLER TABLE

__TI_handler_table @ 00002fb0 records: 3, size/record: 4, table size: 12
	index: 0, handler: __TI_zero_init
	index: 1, handler: __TI_decompress_lzss
	index: 2, handler: __TI_decompress_none


GLOBAL SYMBOLS: SORTED ALPHABETICALLY BY Name 

address   name                          
-------   ----                          
000023c9  ADC0SS0_Handler               
00002e9d  C$$EXIT                       
00002e77  CPUcpsie                      
00002e49  IntMasterEnable               
00002cb1  IntRegister                   
00002e83  ResetISR                      
00001a51  TIMER3B_Handler               
20001270  __STACK_END                   
00001000  __STACK_SIZE                  
20000470  __STACK_TOP                   
00001000  __SYSMEM_SIZE                 
00002fd8  __TI_CINIT_Base               
00002ff0  __TI_CINIT_Limit              
00002fb0  __TI_Handler_Table_Base       
00002fbc  __TI_Handler_Table_Limit      
00002bed  __TI_auto_init_nobinit_nopinit
00002947  __TI_decompress_lzss          
00002e69  __TI_decompress_none          
ffffffff  __TI_pprof_out_hndl           
0000026d  __TI_printfi                  
ffffffff  __TI_prof_data_size           
ffffffff  __TI_prof_data_start          
00000000  __TI_static_base__            
00002d77  __TI_zero_init_nomemset       
00002753  __aeabi_cdcmpeq               
00002753  __aeabi_cdcmple               
000027d9  __aeabi_cdrcmple              
00002ba5  __aeabi_d2iz                  
00001adb  __aeabi_dadd                  
00001dc5  __aeabi_ddiv                  
00002131  __aeabi_dmul                  
00001ad1  __aeabi_dsub                  
00002e91  __aeabi_errno_addr            
00002d49  __aeabi_i2d                   
00000cbb  __aeabi_idiv0                 
00000cbb  __aeabi_ldiv0                 
0000285f  __aeabi_memclr                
0000285f  __aeabi_memclr4               
0000285f  __aeabi_memclr8               
00002621  __aeabi_memcpy                
00002621  __aeabi_memcpy4               
00002621  __aeabi_memcpy8               
00002861  __aeabi_memset                
00002861  __aeabi_memset4               
00002861  __aeabi_memset8               
000026bd  __aeabi_uldivmod              
ffffffff  __binit__                     
ffffffff  __c_args__                    
UNDEFED   __mpu_init                    
20000270  __stack                       
00002ce5  _c_int00_noargs               
00002ea0  _ctypes_                      
20002318  _running                      
20001270  _sys_memory                   
UNDEFED   _system_post_cinit            
00002e99  _system_pre_init              
200022f8  _timeout_ticks                
00002e9d  abort                         
00002b11  atoi                          
ffffffff  binit                         
000025b9  button_getButton              
00002571  button_init                   
00002daf  copysign                      
00002daf  copysignl                     
00002b6d  cyBOT_Scan                    
00002b5d  cyBOT_init_Scan               
00001231  cyBot_UART1_Handler           
00001223  cyBot_getByte_blocking        
00001203  cyBot_getByte_nonblocking     
00000fe5  cyBot_sendByte                
000011e9  cyBot_uart_flush              
00001153  cyBot_uart_init               
000010f3  cyBot_uart_init_PHJ_first_half
0000109b  cyBot_uart_init_clean         
00001023  cyBot_uart_init_last_half     
0000100b  cyBot_uart_sendBuffer         
00000ff1  cyBot_uart_sendStr            
20002314  errno                         
200022fc  fallingEdge                   
000029b1  frexp                         
000029b1  frexpl                        
20000000  g_pfnRAMVectors               
00000000  g_pfnVectors                  
00002399  ir_enableInterrupt            
00002391  ir_getDistance                
0000237d  ir_getValue                   
0000231d  ir_init                       
2000230c  isRisingEdge                  
200022c4  isr_char_buffer               
20002310  isr_counter                   
20002300  isr_int_value                 
00002e59  lcd_clear                     
00000e91  lcd_gotoLine                  
00000cf9  lcd_init                      
00000ef7  lcd_printf                    
00000db9  lcd_putc                      
00000df1  lcd_puts                      
00000cbd  lcd_reverseNibble             
00000e0f  lcd_sendCommand               
00000e4d  lcd_sendNibble                
00000eb9  lcd_setCursorPos              
00002021  ldexp                         
00002021  ldexpl                        
00002a6b  ltoa                          
0000222d  main                          
00002d93  memccpy                       
00002621  memcpy                        
00002867  memset                        
00001a1b  ping_getDistance              
00001979  ping_init                     
00001915  ping_trigger                  
20002304  pulseLength                   
20002308  risingEdge                    
00002021  scalbn                        
00002021  scalbnl                       
00002437  servo_init                    
00002417  servo_move                    
00002405  servo_setPWM                  
000023f9  servo_stop                    
00002df9  strchr                        
00002de1  strcmp                        
00002e0f  strcpy                        
00002e23  strlen                        
0000161b  timer_getMicros               
000015c3  timer_getMillis               
000014fd  timer_init                    
0000159f  timer_pause                   
000015b1  timer_resume                  
00001575  timer_stop                    
00001675  timer_waitMicros              
000016a9  timer_waitMillis              
00002c31  vsnprintf                     
00002e37  wcslen                        


GLOBAL SYMBOLS: SORTED BY Symbol Address 

address   name                          
-------   ----                          
00000000  __TI_static_base__            
00000000  g_pfnVectors                  
0000026d  __TI_printfi                  
00000cbb  __aeabi_idiv0                 
00000cbb  __aeabi_ldiv0                 
00000cbd  lcd_reverseNibble             
00000cf9  lcd_init                      
00000db9  lcd_putc                      
00000df1  lcd_puts                      
00000e0f  lcd_sendCommand               
00000e4d  lcd_sendNibble                
00000e91  lcd_gotoLine                  
00000eb9  lcd_setCursorPos              
00000ef7  lcd_printf                    
00000fe5  cyBot_sendByte                
00000ff1  cyBot_uart_sendStr            
00001000  __STACK_SIZE                  
00001000  __SYSMEM_SIZE                 
0000100b  cyBot_uart_sendBuffer         
00001023  cyBot_uart_init_last_half     
0000109b  cyBot_uart_init_clean         
000010f3  cyBot_uart_init_PHJ_first_half
00001153  cyBot_uart_init               
000011e9  cyBot_uart_flush              
00001203  cyBot_getByte_nonblocking     
00001223  cyBot_getByte_blocking        
00001231  cyBot_UART1_Handler           
000014fd  timer_init                    
00001575  timer_stop                    
0000159f  timer_pause                   
000015b1  timer_resume                  
000015c3  timer_getMillis               
0000161b  timer_getMicros               
00001675  timer_waitMicros              
000016a9  timer_waitMillis              
00001915  ping_trigger                  
00001979  ping_init                     
00001a1b  ping_getDistance              
00001a51  TIMER3B_Handler               
00001ad1  __aeabi_dsub                  
00001adb  __aeabi_dadd                  
00001dc5  __aeabi_ddiv                  
00002021  ldexp                         
00002021  ldexpl                        
00002021  scalbn                        
00002021  scalbnl                       
00002131  __aeabi_dmul                  
0000222d  main                          
0000231d  ir_init                       
0000237d  ir_getValue                   
00002391  ir_getDistance                
00002399  ir_enableInterrupt            
000023c9  ADC0SS0_Handler               
000023f9  servo_stop                    
00002405  servo_setPWM                  
00002417  servo_move                    
00002437  servo_init                    
00002571  button_init                   
000025b9  button_getButton              
00002621  __aeabi_memcpy                
00002621  __aeabi_memcpy4               
00002621  __aeabi_memcpy8               
00002621  memcpy                        
000026bd  __aeabi_uldivmod              
00002753  __aeabi_cdcmpeq               
00002753  __aeabi_cdcmple               
000027d9  __aeabi_cdrcmple              
0000285f  __aeabi_memclr                
0000285f  __aeabi_memclr4               
0000285f  __aeabi_memclr8               
00002861  __aeabi_memset                
00002861  __aeabi_memset4               
00002861  __aeabi_memset8               
00002867  memset                        
00002947  __TI_decompress_lzss          
000029b1  frexp                         
000029b1  frexpl                        
00002a6b  ltoa                          
00002b11  atoi                          
00002b5d  cyBOT_init_Scan               
00002b6d  cyBOT_Scan                    
00002ba5  __aeabi_d2iz                  
00002bed  __TI_auto_init_nobinit_nopinit
00002c31  vsnprintf                     
00002cb1  IntRegister                   
00002ce5  _c_int00_noargs               
00002d49  __aeabi_i2d                   
00002d77  __TI_zero_init_nomemset       
00002d93  memccpy                       
00002daf  copysign                      
00002daf  copysignl                     
00002de1  strcmp                        
00002df9  strchr                        
00002e0f  strcpy                        
00002e23  strlen                        
00002e37  wcslen                        
00002e49  IntMasterEnable               
00002e59  lcd_clear                     
00002e69  __TI_decompress_none          
00002e77  CPUcpsie                      
00002e83  ResetISR                      
00002e91  __aeabi_errno_addr            
00002e99  _system_pre_init              
00002e9d  C$$EXIT                       
00002e9d  abort                         
00002ea0  _ctypes_                      
00002fb0  __TI_Handler_Table_Base       
00002fbc  __TI_Handler_Table_Limit      
00002fd8  __TI_CINIT_Base               
00002ff0  __TI_CINIT_Limit              
20000000  g_pfnRAMVectors               
20000270  __stack                       
20000470  __STACK_TOP                   
20001270  __STACK_END                   
20001270  _sys_memory                   
200022c4  isr_char_buffer               
200022f8  _timeout_ticks                
200022fc  fallingEdge                   
20002300  isr_int_value                 
20002304  pulseLength                   
20002308  risingEdge                    
2000230c  isRisingEdge                  
20002310  isr_counter                   
20002314  errno                         
20002318  _running                      
ffffffff  __TI_pprof_out_hndl           
ffffffff  __TI_prof_data_size           
ffffffff  __TI_prof_data_start          
ffffffff  __binit__                     
ffffffff  __c_args__                    
ffffffff  binit                         
UNDEFED   __mpu_init                    
UNDEFED   _system_post_cinit            

[133 symbols]
