******************************************************************************
                  TI ARM Linker PC v18.12.2                    
******************************************************************************
>> Linked Wed Feb 26 14:03:35 2020

OUTPUT FILE NAME:   <Lab5.out>
ENTRY POINT SYMBOL: "_c_int00_noargs"  address: 00002a2d


MEMORY CONFIGURATION

         name            origin    length      used     unused   attr    fill
----------------------  --------  ---------  --------  --------  ----  --------
  FLASH                 00000000   00040000  00002d31  0003d2cf  R  X
  SRAM                  20000000   00008000  000022da  00005d26  RW X


SEGMENT ALLOCATION MAP

run origin  load origin   length   init length attrs members
----------  ----------- ---------- ----------- ----- -------
00000000    00000000    00002d38   00002d38    r-x
  00000000    00000000    0000026c   0000026c    r-- .intvecs
  0000026c    0000026c    0000297c   0000297c    r-x .text
  00002be8    00002be8    00000109   00000109    r-- .const
  00002cf8    00002cf8    00000040   00000040    r-- .cinit
20000000    20000000    000022e1   00000000    rw-
  20000000    20000000    0000026c   00000000    rw- .vtable
  20000270    20000270    00001000   00000000    rw- .stack
  20001270    20001270    00001000   00000000    rw- .sysmem
  20002270    20002270    00000069   00000000    rw- .bss
  200022dc    200022dc    00000005   00000000    rw- .data


SECTION ALLOCATION MAP

 output                                  attributes/
section   page    origin      length       input sections
--------  ----  ----------  ----------   ----------------
.intvecs   0    00000000    0000026c     
                  00000000    0000026c     tm4c123gh6pm_startup_ccs.obj (.intvecs)

.text      0    0000026c    0000297c     
                  0000026c    00000a4e     rtsv7M4_T_le_v4SPD16_eabi.lib : _printfi.c.obj (.text:__TI_printfi)
                  00000cba    00000002                                   : div0.asm.obj (.text)
                  00000cbc    00000328     lcd.obj (.text)
                  00000fe4    00000270     rtsv7M4_T_le_v4SPD16_eabi.lib : _printfi.c.obj (.text:_pconv_a)
                  00001254    00000248     Timer.obj (.text)
                  0000149c    000001d0     rtsv7M4_T_le_v4SPD16_eabi.lib : _printfi.c.obj (.text:_pconv_g)
                  0000166c    000001bc     libcybotScan.lib : ping.obj (.text)
                  00001828    000001b6     rtsv7M4_T_le_v4SPD16_eabi.lib : fd_add_t2.asm.obj (.text)
                  000019de    00000002     --HOLE-- [fill = 0]
                  000019e0    0000013c                                   : _printfi.c.obj (.text:_pconv_e)
                  00001b1c    00000136                                   : fd_div_t2.asm.obj (.text)
                  00001c52    00000002     --HOLE-- [fill = 0]
                  00001c54    00000124                                   : _printfi.c.obj (.text:fcvt)
                  00001d78    00000110                                   : s_scalbn.c.obj (.text:scalbn)
                  00001e88    00000110     uart.obj (.text)
                  00001f98    000000fc     rtsv7M4_T_le_v4SPD16_eabi.lib : fd_mul_t2.asm.obj (.text)
                  00002094    000000dc     libcybotScan.lib : ir.obj (.text)
                  00002170    000000c4                      : servo.obj (.text)
                  00002234    000000b1     rtsv7M4_T_le_v4SPD16_eabi.lib : _printfi.c.obj (.text:_ltostr)
                  000022e5    00000001     --HOLE-- [fill = 0]
                  000022e6    0000009c                                   : memcpy_t2.asm.obj (.text)
                  00002382    00000096                                   : ull_div_t2.asm.obj (.text)
                  00002418    00000086                                   : fd_cmp_t2.asm.obj (.text:__aeabi_cdcmple)
                  0000249e    00000086                                   : fd_cmp_t2.asm.obj (.text:__aeabi_cdrcmple)
                  00002524    00000084     lab5_template.obj (.text)
                  000025a8    0000007a     rtsv7M4_T_le_v4SPD16_eabi.lib : memset_t2.asm.obj (.text)
                  00002622    0000006e                                   : _printfi.c.obj (.text:_mcpy)
                  00002690    00000068                                   : copy_decompress_lzss.c.obj (.text:decompress:lzss:__TI_decompress_lzss)
                  000026f8    00000064                                   : s_frexp.c.obj (.text:frexp)
                  0000275c    00000056                                   : _printfi.c.obj (.text:_pconv_f)
                  000027b2    00000054                                   : ltoa.c.obj (.text:ltoa)
                  00002806    00000052                                   : _printfi.c.obj (.text:_ecpy)
                  00002858    0000004c                                   : atoi.c.obj (.text:atoi)
                  000028a4    00000048     libcybotScan.lib : cyBot_Scan.obj (.text)
                  000028ec    00000048     rtsv7M4_T_le_v4SPD16_eabi.lib : fd_toi_t2.asm.obj (.text)
                  00002934    00000044                                   : autoinit.c.obj (.text:__TI_auto_init_nobinit_nopinit:__TI_auto_init_nobinit_nopinit)
                  00002978    00000040                                   : vsnprintf.c.obj (.text:vsnprintf)
                  000029b8    0000003e                                   : _printfi.c.obj (.text:_fcpy)
                  000029f6    00000002     --HOLE-- [fill = 0]
                  000029f8    00000034     driverlib.lib : interrupt.obj (.text:IntRegister)
                  00002a2c    00000034     rtsv7M4_T_le_v4SPD16_eabi.lib : boot_cortex_m.c.obj (.text:_c_int00_noargs:_c_int00_noargs)
                  00002a60    00000030                                   : vsnprintf.c.obj (.text:_outs)
                  00002a90    0000002e                                   : i_tofd_t2.asm.obj (.text)
                  00002abe    0000001c                                   : copy_zero_init.c.obj (.text:decompress:ZI:__TI_zero_init_nomemset:__TI_zero_init_nomemset)
                  00002ada    0000001c                                   : memccpy.c.obj (.text:memccpy)
                  00002af6    0000001a                                   : s_copysign.c.obj (.text:copysign)
                  00002b10    00000018                                   : vsnprintf.c.obj (.text:_outc)
                  00002b28    00000018                                   : strcmp.c.obj (.text:strcmp)
                  00002b40    00000016                                   : strchr.c.obj (.text:strchr)
                  00002b56    00000014                                   : strcpy.c.obj (.text:strcpy)
                  00002b6a    00000014                                   : strlen.c.obj (.text:strlen)
                  00002b7e    00000012                                   : wcslen.c.obj (.text:wcslen)
                  00002b90    00000010     driverlib.lib : interrupt.obj (.text:IntMasterEnable)
                  00002ba0    00000010     lcd.obj (.text:lcd_clear)
                  00002bb0    0000000e     rtsv7M4_T_le_v4SPD16_eabi.lib : copy_decompress_none.c.obj (.text:decompress:none:__TI_decompress_none)
                  00002bbe    0000000c     driverlib.lib : cpu.obj (.text:CPUcpsie)
                  00002bca    0000000c     tm4c123gh6pm_startup_ccs.obj (.text)
                  00002bd6    00000002     --HOLE-- [fill = 0]
                  00002bd8    00000008     rtsv7M4_T_le_v4SPD16_eabi.lib : errno.c.obj (.text:__aeabi_errno_addr)
                  00002be0    00000004                                   : pre_init.c.obj (.text:_system_pre_init)
                  00002be4    00000004                                   : exit.c.obj (.text:abort:abort)

.const     0    00002be8    00000109     
                  00002be8    00000101     rtsv7M4_T_le_v4SPD16_eabi.lib : ctype.c.obj (.const:.string:_ctypes_)
                  00002ce9    00000004     lcd.obj (.const:.string:lineAddress$1)
                  00002ced    00000004     lcd.obj (.const:.string:lineAddresses$2)

.cinit     0    00002cf8    00000040     
                  00002cf8    0000000c     (__TI_handler_table)
                  00002d04    00000004     --HOLE-- [fill = 0]
                  00002d08    00000008     (.cinit..bss.load) [load image, compression = zero_init]
                  00002d10    00000008     (.cinit..vtable.load) [load image, compression = zero_init]
                  00002d18    00000007     (.cinit..data.load) [load image, compression = lzss]
                  00002d1f    00000001     --HOLE-- [fill = 0]
                  00002d20    00000018     (__TI_cinit_table)

.init_array 
*          0    00000000    00000000     UNINITIALIZED

.vtable    0    20000000    0000026c     UNINITIALIZED
                  20000000    0000026c     driverlib.lib : interrupt.obj (.vtable)

.stack     0    20000270    00001000     UNINITIALIZED
                  20000270    00000004     rtsv7M4_T_le_v4SPD16_eabi.lib : boot_cortex_m.c.obj (.stack)
                  20000274    00000ffc     --HOLE--

.sysmem    0    20001270    00001000     UNINITIALIZED
                  20001270    00000010     rtsv7M4_T_le_v4SPD16_eabi.lib : memory.c.obj (.sysmem)
                  20001280    00000ff0     --HOLE--

.bss       0    20002270    00000069     UNINITIALIZED
                  20002270    00000054     lcd.obj (.bss:lastbuffer$3)
                  200022c4    00000004     (.common:_timeout_ticks)
                  200022c8    00000004     (.common:fallingEdge)
                  200022cc    00000004     (.common:isr_int_value)
                  200022d0    00000004     (.common:pulseLength)
                  200022d4    00000004     (.common:risingEdge)
                  200022d8    00000001     (.common:isRisingEdge)

.data      0    200022dc    00000005     UNINITIALIZED
                  200022dc    00000004     rtsv7M4_T_le_v4SPD16_eabi.lib : errno.c.obj (.data)
                  200022e0    00000001     Timer.obj (.data)

MODULE SUMMARY

       Module                         code    ro data   rw data
       ------                         ----    -------   -------
    .\
       lcd.obj                        824     8         84     
       tm4c123gh6pm_startup_ccs.obj   12      620       0      
       Timer.obj                      584     0         5      
       uart.obj                       272     0         0      
       lab5_template.obj              132     0         0      
    +--+------------------------------+-------+---------+---------+
       Total:                         1824    628       89     
                                                               
    ../libcybotScan.lib
       ping.obj                       444     0         13     
       ir.obj                         220     0         4      
       servo.obj                      196     0         0      
       cyBot_Scan.obj                 72      0         0      
    +--+------------------------------+-------+---------+---------+
       Total:                         932     0         17     
                                                               
    C:/ti/TivaWare_C_Series-2.1.4.178/driverlib/ccs/Debug/driverlib.lib
       interrupt.obj                  68      0         620    
       cpu.obj                        12      0         0      
    +--+------------------------------+-------+---------+---------+
       Total:                         80      0         620    
                                                               
    C:\ti\ccs910\ccs\tools\compiler\ti-cgt-arm_18.12.2.LTS\lib\rtsv7M4_T_le_v4SPD16_eabi.lib
       _printfi.c.obj                 4851    0         0      
       fd_add_t2.asm.obj              438     0         0      
       fd_div_t2.asm.obj              310     0         0      
       s_scalbn.c.obj                 272     0         0      
       fd_cmp_t2.asm.obj              268     0         0      
       ctype.c.obj                    0       257       0      
       fd_mul_t2.asm.obj              252     0         0      
       memcpy_t2.asm.obj              156     0         0      
       ull_div_t2.asm.obj             150     0         0      
       vsnprintf.c.obj                136     0         0      
       memset_t2.asm.obj              122     0         0      
       copy_decompress_lzss.c.obj     104     0         0      
       s_frexp.c.obj                  100     0         0      
       ltoa.c.obj                     84      0         0      
       atoi.c.obj                     76      0         0      
       fd_toi_t2.asm.obj              72      0         0      
       autoinit.c.obj                 68      0         0      
       boot_cortex_m.c.obj            52      0         0      
       i_tofd_t2.asm.obj              46      0         0      
       copy_zero_init.c.obj           28      0         0      
       memccpy.c.obj                  28      0         0      
       s_copysign.c.obj               26      0         0      
       strcmp.c.obj                   24      0         0      
       strchr.c.obj                   22      0         0      
       strcpy.c.obj                   20      0         0      
       strlen.c.obj                   20      0         0      
       wcslen.c.obj                   18      0         0      
       copy_decompress_none.c.obj     14      0         0      
       errno.c.obj                    8       0         4      
       exit.c.obj                     4       0         0      
       pre_init.c.obj                 4       0         0      
       div0.asm.obj                   2       0         0      
    +--+------------------------------+-------+---------+---------+
       Total:                         7775    257       4      
                                                               
       Heap:                          0       0         4096   
       Stack:                         0       0         4096   
       Linker Generated:              0       59        0      
    +--+------------------------------+-------+---------+---------+
       Grand Total:                   10611   944       8922   


LINKER GENERATED COPY TABLES

__TI_cinit_table @ 00002d20 records: 3, size/record: 8, table size: 24
	.bss: load addr=00002d08, load size=00000008 bytes, run addr=20002270, run size=00000069 bytes, compression=zero_init
	.vtable: load addr=00002d10, load size=00000008 bytes, run addr=20000000, run size=0000026c bytes, compression=zero_init
	.data: load addr=00002d18, load size=00000007 bytes, run addr=200022dc, run size=00000005 bytes, compression=lzss


LINKER GENERATED HANDLER TABLE

__TI_handler_table @ 00002cf8 records: 3, size/record: 4, table size: 12
	index: 0, handler: __TI_zero_init
	index: 1, handler: __TI_decompress_lzss
	index: 2, handler: __TI_decompress_none


GLOBAL SYMBOLS: SORTED ALPHABETICALLY BY Name 

address   name                          
-------   ----                          
00002141  ADC0SS0_Handler               
00002be5  C$$EXIT                       
00002bbf  CPUcpsie                      
00002b91  IntMasterEnable               
000029f9  IntRegister                   
00002bcb  ResetISR                      
000017a9  TIMER3B_Handler               
20001270  __STACK_END                   
00001000  __STACK_SIZE                  
20000470  __STACK_TOP                   
00001000  __SYSMEM_SIZE                 
00002d20  __TI_CINIT_Base               
00002d38  __TI_CINIT_Limit              
00002cf8  __TI_Handler_Table_Base       
00002d04  __TI_Handler_Table_Limit      
00002935  __TI_auto_init_nobinit_nopinit
00002691  __TI_decompress_lzss          
00002bb1  __TI_decompress_none          
ffffffff  __TI_pprof_out_hndl           
0000026d  __TI_printfi                  
ffffffff  __TI_prof_data_size           
ffffffff  __TI_prof_data_start          
00000000  __TI_static_base__            
00002abf  __TI_zero_init_nomemset       
00002419  __aeabi_cdcmpeq               
00002419  __aeabi_cdcmple               
0000249f  __aeabi_cdrcmple              
000028ed  __aeabi_d2iz                  
00001833  __aeabi_dadd                  
00001b1d  __aeabi_ddiv                  
00001f99  __aeabi_dmul                  
00001829  __aeabi_dsub                  
00002bd9  __aeabi_errno_addr            
00002a91  __aeabi_i2d                   
00000cbb  __aeabi_idiv0                 
00000cbb  __aeabi_ldiv0                 
000025a9  __aeabi_memclr                
000025a9  __aeabi_memclr4               
000025a9  __aeabi_memclr8               
000022e7  __aeabi_memcpy                
000022e7  __aeabi_memcpy4               
000022e7  __aeabi_memcpy8               
000025ab  __aeabi_memset                
000025ab  __aeabi_memset4               
000025ab  __aeabi_memset8               
00002383  __aeabi_uldivmod              
ffffffff  __binit__                     
ffffffff  __c_args__                    
UNDEFED   __mpu_init                    
20000270  __stack                       
00002a2d  _c_int00_noargs               
00002be8  _ctypes_                      
200022e0  _running                      
20001270  _sys_memory                   
UNDEFED   _system_post_cinit            
00002be1  _system_pre_init              
200022c4  _timeout_ticks                
00002be5  abort                         
00002859  atoi                          
ffffffff  binit                         
00002af7  copysign                      
00002af7  copysignl                     
000028b5  cyBOT_Scan                    
000028a5  cyBOT_init_Scan               
200022dc  errno                         
200022c8  fallingEdge                   
000026f9  frexp                         
000026f9  frexpl                        
20000000  g_pfnRAMVectors               
00000000  g_pfnVectors                  
00002111  ir_enableInterrupt            
00002109  ir_getDistance                
000020f5  ir_getValue                   
00002095  ir_init                       
200022d8  isRisingEdge                  
200022cc  isr_int_value                 
00002ba1  lcd_clear                     
00000e91  lcd_gotoLine                  
00000cf9  lcd_init                      
00000ef7  lcd_printf                    
00000db9  lcd_putc                      
00000df1  lcd_puts                      
00000cbd  lcd_reverseNibble             
00000e0f  lcd_sendCommand               
00000e4d  lcd_sendNibble                
00000eb9  lcd_setCursorPos              
00001d79  ldexp                         
00001d79  ldexpl                        
000027b3  ltoa                          
00002525  main                          
00002adb  memccpy                       
000022e7  memcpy                        
000025b1  memset                        
00001773  ping_getDistance              
000016d1  ping_init                     
0000166d  ping_trigger                  
200022d0  pulseLength                   
200022d4  risingEdge                    
00001d79  scalbn                        
00001d79  scalbnl                       
000021af  servo_init                    
0000218f  servo_move                    
0000217d  servo_setPWM                  
00002171  servo_stop                    
00002b41  strchr                        
00002b29  strcmp                        
00002b57  strcpy                        
00002b6b  strlen                        
00001373  timer_getMicros               
0000131b  timer_getMillis               
00001255  timer_init                    
000012f7  timer_pause                   
00001309  timer_resume                  
000012cd  timer_stop                    
000013cd  timer_waitMicros              
00001401  timer_waitMillis              
00001e89  uart_init                     
00001f2f  uart_receive                  
00001f13  uart_sendChar                 
00001f55  uart_sendStr                  
00002979  vsnprintf                     
00002b7f  wcslen                        


GLOBAL SYMBOLS: SORTED BY Symbol Address 

address   name                          
-------   ----                          
00000000  __TI_static_base__            
00000000  g_pfnVectors                  
0000026d  __TI_printfi                  
00000cbb  __aeabi_idiv0                 
00000cbb  __aeabi_ldiv0                 
00000cbd  lcd_reverseNibble             
00000cf9  lcd_init                      
00000db9  lcd_putc                      
00000df1  lcd_puts                      
00000e0f  lcd_sendCommand               
00000e4d  lcd_sendNibble                
00000e91  lcd_gotoLine                  
00000eb9  lcd_setCursorPos              
00000ef7  lcd_printf                    
00001000  __STACK_SIZE                  
00001000  __SYSMEM_SIZE                 
00001255  timer_init                    
000012cd  timer_stop                    
000012f7  timer_pause                   
00001309  timer_resume                  
0000131b  timer_getMillis               
00001373  timer_getMicros               
000013cd  timer_waitMicros              
00001401  timer_waitMillis              
0000166d  ping_trigger                  
000016d1  ping_init                     
00001773  ping_getDistance              
000017a9  TIMER3B_Handler               
00001829  __aeabi_dsub                  
00001833  __aeabi_dadd                  
00001b1d  __aeabi_ddiv                  
00001d79  ldexp                         
00001d79  ldexpl                        
00001d79  scalbn                        
00001d79  scalbnl                       
00001e89  uart_init                     
00001f13  uart_sendChar                 
00001f2f  uart_receive                  
00001f55  uart_sendStr                  
00001f99  __aeabi_dmul                  
00002095  ir_init                       
000020f5  ir_getValue                   
00002109  ir_getDistance                
00002111  ir_enableInterrupt            
00002141  ADC0SS0_Handler               
00002171  servo_stop                    
0000217d  servo_setPWM                  
0000218f  servo_move                    
000021af  servo_init                    
000022e7  __aeabi_memcpy                
000022e7  __aeabi_memcpy4               
000022e7  __aeabi_memcpy8               
000022e7  memcpy                        
00002383  __aeabi_uldivmod              
00002419  __aeabi_cdcmpeq               
00002419  __aeabi_cdcmple               
0000249f  __aeabi_cdrcmple              
00002525  main                          
000025a9  __aeabi_memclr                
000025a9  __aeabi_memclr4               
000025a9  __aeabi_memclr8               
000025ab  __aeabi_memset                
000025ab  __aeabi_memset4               
000025ab  __aeabi_memset8               
000025b1  memset                        
00002691  __TI_decompress_lzss          
000026f9  frexp                         
000026f9  frexpl                        
000027b3  ltoa                          
00002859  atoi                          
000028a5  cyBOT_init_Scan               
000028b5  cyBOT_Scan                    
000028ed  __aeabi_d2iz                  
00002935  __TI_auto_init_nobinit_nopinit
00002979  vsnprintf                     
000029f9  IntRegister                   
00002a2d  _c_int00_noargs               
00002a91  __aeabi_i2d                   
00002abf  __TI_zero_init_nomemset       
00002adb  memccpy                       
00002af7  copysign                      
00002af7  copysignl                     
00002b29  strcmp                        
00002b41  strchr                        
00002b57  strcpy                        
00002b6b  strlen                        
00002b7f  wcslen                        
00002b91  IntMasterEnable               
00002ba1  lcd_clear                     
00002bb1  __TI_decompress_none          
00002bbf  CPUcpsie                      
00002bcb  ResetISR                      
00002bd9  __aeabi_errno_addr            
00002be1  _system_pre_init              
00002be5  C$$EXIT                       
00002be5  abort                         
00002be8  _ctypes_                      
00002cf8  __TI_Handler_Table_Base       
00002d04  __TI_Handler_Table_Limit      
00002d20  __TI_CINIT_Base               
00002d38  __TI_CINIT_Limit              
20000000  g_pfnRAMVectors               
20000270  __stack                       
20000470  __STACK_TOP                   
20001270  __STACK_END                   
20001270  _sys_memory                   
200022c4  _timeout_ticks                
200022c8  fallingEdge                   
200022cc  isr_int_value                 
200022d0  pulseLength                   
200022d4  risingEdge                    
200022d8  isRisingEdge                  
200022dc  errno                         
200022e0  _running                      
ffffffff  __TI_pprof_out_hndl           
ffffffff  __TI_prof_data_size           
ffffffff  __TI_prof_data_start          
ffffffff  __binit__                     
ffffffff  __c_args__                    
ffffffff  binit                         
UNDEFED   __mpu_init                    
UNDEFED   _system_post_cinit            

[122 symbols]
