******************************************************************************
                  TI ARM Linker PC v18.12.2                    
******************************************************************************
>> Linked Wed Mar  4 14:30:18 2020

OUTPUT FILE NAME:   <Lab6.out>
ENTRY POINT SYMBOL: "_c_int00_noargs"  address: 0000329d


MEMORY CONFIGURATION

         name            origin    length      used     unused   attr    fill
----------------------  --------  ---------  --------  --------  ----  --------
  FLASH                 00000000   00040000  000035b8  0003ca48  R  X
  SRAM                  20000000   00008000  000022c9  00005d37  RW X


SEGMENT ALLOCATION MAP

run origin  load origin   length   init length attrs members
----------  ----------- ---------- ----------- ----- -------
00000000    00000000    000035c0   000035c0    r-x
  00000000    00000000    0000026c   0000026c    r-- .intvecs
  0000026c    0000026c    000031d0   000031d0    r-x .text
  00003440    00003440    0000013c   0000013c    r-- .const
  00003580    00003580    00000040   00000040    r-- .cinit
20000000    20000000    000022cd   00000000    rw-
  20000000    20000000    0000026c   00000000    rw- .vtable
  20000270    20000270    00001000   00000000    rw- .stack
  20001270    20001270    00001000   00000000    rw- .sysmem
  20002270    20002270    00000058   00000000    rw- .bss
  200022c8    200022c8    00000005   00000000    rw- .data


SECTION ALLOCATION MAP

 output                                  attributes/
section   page    origin      length       input sections
--------  ----  ----------  ----------   ----------------
.intvecs   0    00000000    0000026c     
                  00000000    0000026c     tm4c123gh6pm_startup_ccs.obj (.intvecs)

.text      0    0000026c    000031d0     
                  0000026c    00000a4e     rtsv7M4_T_le_v4SPD16_eabi.lib : _printfi.c.obj (.text:__TI_printfi)
                  00000cba    00000002                                   : div0.asm.obj (.text)
                  00000cbc    000009c0                                   : e_pow.c.obj (.text:pow)
                  0000167c    00000328     lcd.obj (.text)
                  000019a4    00000270     rtsv7M4_T_le_v4SPD16_eabi.lib : _printfi.c.obj (.text:_pconv_a)
                  00001c14    00000248     Timer.obj (.text)
                  00001e5c    000001d0     rtsv7M4_T_le_v4SPD16_eabi.lib : _printfi.c.obj (.text:_pconv_g)
                  0000202c    000001b6                                   : fd_add_t2.asm.obj (.text)
                  000021e2    00000002     --HOLE-- [fill = 0]
                  000021e4    00000180     adc.obj (.text)
                  00002364    00000158     rtsv7M4_T_le_v4SPD16_eabi.lib : e_sqrt.c.obj (.text:sqrt)
                  000024bc    0000013c                                   : _printfi.c.obj (.text:_pconv_e)
                  000025f8    00000136                                   : fd_div_t2.asm.obj (.text)
                  0000272e    00000002     --HOLE-- [fill = 0]
                  00002730    00000124                                   : _printfi.c.obj (.text:fcvt)
                  00002854    00000110                                   : s_scalbn.c.obj (.text:scalbn)
                  00002964    00000110     uart.obj (.text)
                  00002a74    000000fc     rtsv7M4_T_le_v4SPD16_eabi.lib : fd_mul_t2.asm.obj (.text)
                  00002b70    000000b1                                   : _printfi.c.obj (.text:_ltostr)
                  00002c21    00000001     --HOLE-- [fill = 0]
                  00002c22    0000009c                                   : memcpy_t2.asm.obj (.text)
                  00002cbe    00000096                                   : ull_div_t2.asm.obj (.text)
                  00002d54    00000086                                   : fd_cmp_t2.asm.obj (.text:__aeabi_cdcmple)
                  00002dda    00000086                                   : fd_cmp_t2.asm.obj (.text:__aeabi_cdrcmple)
                  00002e60    0000007a                                   : memset_t2.asm.obj (.text)
                  00002eda    0000006e                                   : _printfi.c.obj (.text:_mcpy)
                  00002f48    00000068                                   : copy_decompress_lzss.c.obj (.text:decompress:lzss:__TI_decompress_lzss)
                  00002fb0    00000064                                   : s_frexp.c.obj (.text:frexp)
                  00003014    00000056                                   : _printfi.c.obj (.text:_pconv_f)
                  0000306a    00000054                                   : ltoa.c.obj (.text:ltoa)
                  000030be    00000052                                   : _printfi.c.obj (.text:_ecpy)
                  00003110    0000004c                                   : atoi.c.obj (.text:atoi)
                  0000315c    00000048                                   : fd_toi_t2.asm.obj (.text)
                  000031a4    00000044                                   : autoinit.c.obj (.text:__TI_auto_init_nobinit_nopinit:__TI_auto_init_nobinit_nopinit)
                  000031e8    00000040                                   : vsnprintf.c.obj (.text:vsnprintf)
                  00003228    0000003e                                   : _printfi.c.obj (.text:_fcpy)
                  00003266    00000002     --HOLE-- [fill = 0]
                  00003268    00000034     driverlib.lib : interrupt.obj (.text:IntRegister)
                  0000329c    00000034     rtsv7M4_T_le_v4SPD16_eabi.lib : boot_cortex_m.c.obj (.text:_c_int00_noargs:_c_int00_noargs)
                  000032d0    00000030                                   : vsnprintf.c.obj (.text:_outs)
                  00003300    0000002e                                   : i_tofd_t2.asm.obj (.text)
                  0000332e    0000001c                                   : copy_zero_init.c.obj (.text:decompress:ZI:__TI_zero_init_nomemset:__TI_zero_init_nomemset)
                  0000334a    0000001c                                   : memccpy.c.obj (.text:memccpy)
                  00003366    0000001a                                   : s_copysign.c.obj (.text:copysign)
                  00003380    00000018                                   : vsnprintf.c.obj (.text:_outc)
                  00003398    00000018                                   : strcmp.c.obj (.text:strcmp)
                  000033b0    00000016                                   : strchr.c.obj (.text:strchr)
                  000033c6    00000014                                   : strcpy.c.obj (.text:strcpy)
                  000033da    00000014                                   : strlen.c.obj (.text:strlen)
                  000033ee    00000012                                   : wcslen.c.obj (.text:wcslen)
                  00003400    00000010     lcd.obj (.text:lcd_clear)
                  00003410    0000000e     rtsv7M4_T_le_v4SPD16_eabi.lib : copy_decompress_none.c.obj (.text:decompress:none:__TI_decompress_none)
                  0000341e    0000000c     tm4c123gh6pm_startup_ccs.obj (.text)
                  0000342a    00000002     --HOLE-- [fill = 0]
                  0000342c    00000008     rtsv7M4_T_le_v4SPD16_eabi.lib : errno.c.obj (.text:__aeabi_errno_addr)
                  00003434    00000004                                   : pre_init.c.obj (.text:_system_pre_init)
                  00003438    00000004                                   : exit.c.obj (.text:abort:abort)

.const     0    00003440    0000013c     
                  00003440    00000101     rtsv7M4_T_le_v4SPD16_eabi.lib : ctype.c.obj (.const:.string:_ctypes_)
                  00003541    00000004     lcd.obj (.const:.string:lineAddress$1)
                  00003545    00000003     --HOLE-- [fill = 0]
                  00003548    00000030     rtsv7M4_T_le_v4SPD16_eabi.lib : e_pow.c.obj (.const:$O1$$)
                  00003578    00000004     lcd.obj (.const:.string:lineAddresses$2)

.cinit     0    00003580    00000040     
                  00003580    0000000c     (__TI_handler_table)
                  0000358c    00000004     --HOLE-- [fill = 0]
                  00003590    00000008     (.cinit..bss.load) [load image, compression = zero_init]
                  00003598    00000008     (.cinit..vtable.load) [load image, compression = zero_init]
                  000035a0    00000007     (.cinit..data.load) [load image, compression = lzss]
                  000035a7    00000001     --HOLE-- [fill = 0]
                  000035a8    00000018     (__TI_cinit_table)

.init_array 
*          0    00000000    00000000     UNINITIALIZED

.vtable    0    20000000    0000026c     UNINITIALIZED
                  20000000    0000026c     driverlib.lib : interrupt.obj (.vtable)

.stack     0    20000270    00001000     UNINITIALIZED
                  20000270    00000004     rtsv7M4_T_le_v4SPD16_eabi.lib : boot_cortex_m.c.obj (.stack)
                  20000274    00000ffc     --HOLE--

.sysmem    0    20001270    00001000     UNINITIALIZED
                  20001270    00000010     rtsv7M4_T_le_v4SPD16_eabi.lib : memory.c.obj (.sysmem)
                  20001280    00000ff0     --HOLE--

.bss       0    20002270    00000058     UNINITIALIZED
                  20002270    00000054     lcd.obj (.bss:lastbuffer$3)
                  200022c4    00000004     (.common:_timeout_ticks)

.data      0    200022c8    00000005     UNINITIALIZED
                  200022c8    00000004     rtsv7M4_T_le_v4SPD16_eabi.lib : errno.c.obj (.data)
                  200022cc    00000001     Timer.obj (.data)

MODULE SUMMARY

       Module                         code    ro data   rw data
       ------                         ----    -------   -------
    .\
       lcd.obj                        824     8         84     
       tm4c123gh6pm_startup_ccs.obj   12      620       0      
       Timer.obj                      584     0         5      
       adc.obj                        384     0         0      
       uart.obj                       272     0         0      
    +--+------------------------------+-------+---------+---------+
       Total:                         2076    628       89     
                                                               
    C:/ti/TivaWare_C_Series-2.1.4.178/driverlib/ccs/Debug/driverlib.lib
       interrupt.obj                  52      0         620    
    +--+------------------------------+-------+---------+---------+
       Total:                         52      0         620    
                                                               
    C:\ti\ccs910\ccs\tools\compiler\ti-cgt-arm_18.12.2.LTS\lib\rtsv7M4_T_le_v4SPD16_eabi.lib
       _printfi.c.obj                 4851    0         0      
       e_pow.c.obj                    2496    48        0      
       fd_add_t2.asm.obj              438     0         0      
       e_sqrt.c.obj                   344     0         0      
       fd_div_t2.asm.obj              310     0         0      
       s_scalbn.c.obj                 272     0         0      
       fd_cmp_t2.asm.obj              268     0         0      
       ctype.c.obj                    0       257       0      
       fd_mul_t2.asm.obj              252     0         0      
       memcpy_t2.asm.obj              156     0         0      
       ull_div_t2.asm.obj             150     0         0      
       vsnprintf.c.obj                136     0         0      
       memset_t2.asm.obj              122     0         0      
       copy_decompress_lzss.c.obj     104     0         0      
       s_frexp.c.obj                  100     0         0      
       ltoa.c.obj                     84      0         0      
       atoi.c.obj                     76      0         0      
       fd_toi_t2.asm.obj              72      0         0      
       autoinit.c.obj                 68      0         0      
       boot_cortex_m.c.obj            52      0         0      
       i_tofd_t2.asm.obj              46      0         0      
       copy_zero_init.c.obj           28      0         0      
       memccpy.c.obj                  28      0         0      
       s_copysign.c.obj               26      0         0      
       strcmp.c.obj                   24      0         0      
       strchr.c.obj                   22      0         0      
       strcpy.c.obj                   20      0         0      
       strlen.c.obj                   20      0         0      
       wcslen.c.obj                   18      0         0      
       copy_decompress_none.c.obj     14      0         0      
       errno.c.obj                    8       0         4      
       exit.c.obj                     4       0         0      
       pre_init.c.obj                 4       0         0      
       div0.asm.obj                   2       0         0      
    +--+------------------------------+-------+---------+---------+
       Total:                         10615   305       4      
                                                               
       Heap:                          0       0         4096   
       Stack:                         0       0         4096   
       Linker Generated:              0       59        0      
    +--+------------------------------+-------+---------+---------+
       Grand Total:                   12743   992       8905   


LINKER GENERATED COPY TABLES

__TI_cinit_table @ 000035a8 records: 3, size/record: 8, table size: 24
	.bss: load addr=00003590, load size=00000008 bytes, run addr=20002270, run size=00000058 bytes, compression=zero_init
	.vtable: load addr=00003598, load size=00000008 bytes, run addr=20000000, run size=0000026c bytes, compression=zero_init
	.data: load addr=000035a0, load size=00000007 bytes, run addr=200022c8, run size=00000005 bytes, compression=lzss


LINKER GENERATED HANDLER TABLE

__TI_handler_table @ 00003580 records: 3, size/record: 4, table size: 12
	index: 0, handler: __TI_zero_init
	index: 1, handler: __TI_decompress_lzss
	index: 2, handler: __TI_decompress_none


GLOBAL SYMBOLS: SORTED ALPHABETICALLY BY Name 

address   name                          
-------   ----                          
00003439  C$$EXIT                       
00003269  IntRegister                   
0000341f  ResetISR                      
20001270  __STACK_END                   
00001000  __STACK_SIZE                  
20000470  __STACK_TOP                   
00001000  __SYSMEM_SIZE                 
000035a8  __TI_CINIT_Base               
000035c0  __TI_CINIT_Limit              
00003580  __TI_Handler_Table_Base       
0000358c  __TI_Handler_Table_Limit      
000031a5  __TI_auto_init_nobinit_nopinit
00002f49  __TI_decompress_lzss          
00003411  __TI_decompress_none          
ffffffff  __TI_pprof_out_hndl           
0000026d  __TI_printfi                  
ffffffff  __TI_prof_data_size           
ffffffff  __TI_prof_data_start          
00000000  __TI_static_base__            
0000332f  __TI_zero_init_nomemset       
00002d55  __aeabi_cdcmpeq               
00002d55  __aeabi_cdcmple               
00002ddb  __aeabi_cdrcmple              
0000315d  __aeabi_d2iz                  
00002037  __aeabi_dadd                  
000025f9  __aeabi_ddiv                  
00002a75  __aeabi_dmul                  
0000202d  __aeabi_dsub                  
0000342d  __aeabi_errno_addr            
00003301  __aeabi_i2d                   
00000cbb  __aeabi_idiv0                 
00000cbb  __aeabi_ldiv0                 
00002e61  __aeabi_memclr                
00002e61  __aeabi_memclr4               
00002e61  __aeabi_memclr8               
00002c23  __aeabi_memcpy                
00002c23  __aeabi_memcpy4               
00002c23  __aeabi_memcpy8               
00002e63  __aeabi_memset                
00002e63  __aeabi_memset4               
00002e63  __aeabi_memset8               
00002cbf  __aeabi_uldivmod              
ffffffff  __binit__                     
ffffffff  __c_args__                    
UNDEFED   __mpu_init                    
20000270  __stack                       
0000329d  _c_int00_noargs               
00003440  _ctypes_                      
200022cc  _running                      
20001270  _sys_memory                   
UNDEFED   _system_post_cinit            
00003435  _system_pre_init              
200022c4  _timeout_ticks                
00003439  abort                         
000021e5  adc_init                      
00002265  adc_read                      
00003111  atoi                          
ffffffff  binit                         
00003367  copysign                      
00003367  copysignl                     
200022c8  errno                         
00002fb1  frexp                         
00002fb1  frexpl                        
20000000  g_pfnRAMVectors               
00000000  g_pfnVectors                  
00003401  lcd_clear                     
00001851  lcd_gotoLine                  
000016b9  lcd_init                      
000018b7  lcd_printf                    
00001779  lcd_putc                      
000017b1  lcd_puts                      
0000167d  lcd_reverseNibble             
000017cf  lcd_sendCommand               
0000180d  lcd_sendNibble                
00001879  lcd_setCursorPos              
00002855  ldexp                         
00002855  ldexpl                        
0000306b  ltoa                          
0000227d  main                          
0000334b  memccpy                       
00002c23  memcpy                        
00002e69  memset                        
00000cbd  pow                           
00000cbd  powl                          
00002855  scalbn                        
00002855  scalbnl                       
00002365  sqrt                          
00002365  sqrtl                         
000033b1  strchr                        
00003399  strcmp                        
000033c7  strcpy                        
000033db  strlen                        
00001d33  timer_getMicros               
00001cdb  timer_getMillis               
00001c15  timer_init                    
00001cb7  timer_pause                   
00001cc9  timer_resume                  
00001c8d  timer_stop                    
00001d8d  timer_waitMicros              
00001dc1  timer_waitMillis              
00002965  uart_init                     
00002a0b  uart_receive                  
000029ef  uart_sendChar                 
00002a31  uart_sendStr                  
000031e9  vsnprintf                     
000033ef  wcslen                        


GLOBAL SYMBOLS: SORTED BY Symbol Address 

address   name                          
-------   ----                          
00000000  __TI_static_base__            
00000000  g_pfnVectors                  
0000026d  __TI_printfi                  
00000cbb  __aeabi_idiv0                 
00000cbb  __aeabi_ldiv0                 
00000cbd  pow                           
00000cbd  powl                          
00001000  __STACK_SIZE                  
00001000  __SYSMEM_SIZE                 
0000167d  lcd_reverseNibble             
000016b9  lcd_init                      
00001779  lcd_putc                      
000017b1  lcd_puts                      
000017cf  lcd_sendCommand               
0000180d  lcd_sendNibble                
00001851  lcd_gotoLine                  
00001879  lcd_setCursorPos              
000018b7  lcd_printf                    
00001c15  timer_init                    
00001c8d  timer_stop                    
00001cb7  timer_pause                   
00001cc9  timer_resume                  
00001cdb  timer_getMillis               
00001d33  timer_getMicros               
00001d8d  timer_waitMicros              
00001dc1  timer_waitMillis              
0000202d  __aeabi_dsub                  
00002037  __aeabi_dadd                  
000021e5  adc_init                      
00002265  adc_read                      
0000227d  main                          
00002365  sqrt                          
00002365  sqrtl                         
000025f9  __aeabi_ddiv                  
00002855  ldexp                         
00002855  ldexpl                        
00002855  scalbn                        
00002855  scalbnl                       
00002965  uart_init                     
000029ef  uart_sendChar                 
00002a0b  uart_receive                  
00002a31  uart_sendStr                  
00002a75  __aeabi_dmul                  
00002c23  __aeabi_memcpy                
00002c23  __aeabi_memcpy4               
00002c23  __aeabi_memcpy8               
00002c23  memcpy                        
00002cbf  __aeabi_uldivmod              
00002d55  __aeabi_cdcmpeq               
00002d55  __aeabi_cdcmple               
00002ddb  __aeabi_cdrcmple              
00002e61  __aeabi_memclr                
00002e61  __aeabi_memclr4               
00002e61  __aeabi_memclr8               
00002e63  __aeabi_memset                
00002e63  __aeabi_memset4               
00002e63  __aeabi_memset8               
00002e69  memset                        
00002f49  __TI_decompress_lzss          
00002fb1  frexp                         
00002fb1  frexpl                        
0000306b  ltoa                          
00003111  atoi                          
0000315d  __aeabi_d2iz                  
000031a5  __TI_auto_init_nobinit_nopinit
000031e9  vsnprintf                     
00003269  IntRegister                   
0000329d  _c_int00_noargs               
00003301  __aeabi_i2d                   
0000332f  __TI_zero_init_nomemset       
0000334b  memccpy                       
00003367  copysign                      
00003367  copysignl                     
00003399  strcmp                        
000033b1  strchr                        
000033c7  strcpy                        
000033db  strlen                        
000033ef  wcslen                        
00003401  lcd_clear                     
00003411  __TI_decompress_none          
0000341f  ResetISR                      
0000342d  __aeabi_errno_addr            
00003435  _system_pre_init              
00003439  C$$EXIT                       
00003439  abort                         
00003440  _ctypes_                      
00003580  __TI_Handler_Table_Base       
0000358c  __TI_Handler_Table_Limit      
000035a8  __TI_CINIT_Base               
000035c0  __TI_CINIT_Limit              
20000000  g_pfnRAMVectors               
20000270  __stack                       
20000470  __STACK_TOP                   
20001270  __STACK_END                   
20001270  _sys_memory                   
200022c4  _timeout_ticks                
200022c8  errno                         
200022cc  _running                      
ffffffff  __TI_pprof_out_hndl           
ffffffff  __TI_prof_data_size           
ffffffff  __TI_prof_data_start          
ffffffff  __binit__                     
ffffffff  __c_args__                    
ffffffff  binit                         
UNDEFED   __mpu_init                    
UNDEFED   _system_post_cinit            

[106 symbols]
